Copyright 1986-2018 Xilinx, Inc. All Rights Reserved.
------------------------------------------------------------------------------------------------------------------------
| Tool Version : Vivado v.2018.3 (win64) Build 2405991 Thu Dec  6 23:38:27 MST 2018
| Date         : Sat Jun 27 09:16:55 2026
| Host         : DESKTOP-6JDSJ0D running 64-bit major release  (build 9200)
| Command      : report_drc -file bse_wrapper_drc_opted.rpt -pb bse_wrapper_drc_opted.pb -rpx bse_wrapper_drc_opted.rpx
| Design       : bse_wrapper
| Device       : xczu7ev-ffvc1156-2-e
| Speed File   : -2
| Design State : Synthesized
------------------------------------------------------------------------------------------------------------------------

Report DRC

Table of Contents
-----------------
1. REPORT SUMMARY
2. REPORT DETAILS

1. REPORT SUMMARY
-----------------
            Netlist: netlist
          Floorplan: design_1
      Design limits: <entire design considered>
           Ruledeck: default
             Max violations: <unlimited>
             Violations found: 105
+-----------+----------+---------------------------------------------------------------------+------------+
| Rule      | Severity | Description                                                         | Violations |
+-----------+----------+---------------------------------------------------------------------+------------+
| DPIP-2    | Warning  | Input pipelining                                                    | 48         |
| DPOP-3    | Warning  | PREG Output pipelining                                              | 19         |
| DPOP-4    | Warning  | MREG Output pipelining                                              | 12         |
| DPREG-7   | Warning  | DSP48E2_PregDynOpmodeZmuxP:                                         | 1          |
| AVAL-155  | Advisory | enum_AMULTSEL_BMULTSEL_enum_DREG_ADREG_0_connects_CED_CEAD_RSTD_GND | 13         |
| AVAL-156  | Advisory | enum_USE_MULT_NONE__enum_DREG_ADREG_0_connects_CED_CEAD_RSTD_GND    | 10         |
| REQP-1935 | Advisory | RAMB36E2_nochange_collision_advisory                                | 2          |
+-----------+----------+---------------------------------------------------------------------+------------+

2. REPORT DETAILS
-----------------
DPIP-2#1 Warning
Input pipelining  
DSP bse_i/byte_statistics_engi_0/inst/byte_statistics_ejbC_U1/byte_statistics_engine_ap_faddfsub_2_full_dsp_32_u/U0/i_synth/ADDSUB_OP.ADDSUB/SPEED_OP.DSP.OP/DSP48E1_BODY.ALIGN_ADD/DSP2/DSP input bse_i/byte_statistics_engi_0/inst/byte_statistics_ejbC_U1/byte_statistics_engine_ap_faddfsub_2_full_dsp_32_u/U0/i_synth/ADDSUB_OP.ADDSUB/SPEED_OP.DSP.OP/DSP48E1_BODY.ALIGN_ADD/DSP2/DSP/A[29:0] is not pipelined. Pipelining DSP48 input will improve performance.
Related violations: <none>

DPIP-2#2 Warning
Input pipelining  
DSP bse_i/byte_statistics_engi_0/inst/byte_statistics_ejbC_U1/byte_statistics_engine_ap_faddfsub_2_full_dsp_32_u/U0/i_synth/ADDSUB_OP.ADDSUB/SPEED_OP.DSP.OP/DSP48E1_BODY.ALIGN_ADD/DSP2/DSP input bse_i/byte_statistics_engi_0/inst/byte_statistics_ejbC_U1/byte_statistics_engine_ap_faddfsub_2_full_dsp_32_u/U0/i_synth/ADDSUB_OP.ADDSUB/SPEED_OP.DSP.OP/DSP48E1_BODY.ALIGN_ADD/DSP2/DSP/B[17:0] is not pipelined. Pipelining DSP48 input will improve performance.
Related violations: <none>

DPIP-2#3 Warning
Input pipelining  
DSP bse_i/byte_statistics_engi_0/inst/byte_statistics_ejbC_U1/byte_statistics_engine_ap_faddfsub_2_full_dsp_32_u/U0/i_synth/ADDSUB_OP.ADDSUB/SPEED_OP.DSP.OP/DSP48E1_BODY.ALIGN_ADD/DSP2/DSP input bse_i/byte_statistics_engi_0/inst/byte_statistics_ejbC_U1/byte_statistics_engine_ap_faddfsub_2_full_dsp_32_u/U0/i_synth/ADDSUB_OP.ADDSUB/SPEED_OP.DSP.OP/DSP48E1_BODY.ALIGN_ADD/DSP2/DSP/C[47:0] is not pipelined. Pipelining DSP48 input will improve performance.
Related violations: <none>

DPIP-2#4 Warning
Input pipelining  
DSP bse_i/byte_statistics_engi_0/inst/byte_statistics_ejbC_U1/byte_statistics_engine_ap_faddfsub_2_full_dsp_32_u/U0/i_synth/ADDSUB_OP.ADDSUB/SPEED_OP.DSP.OP/DSP48E1_BODY.NORM_RND/FULL_USAGE_DSP.SHIFT_RND/DSP input bse_i/byte_statistics_engi_0/inst/byte_statistics_ejbC_U1/byte_statistics_engine_ap_faddfsub_2_full_dsp_32_u/U0/i_synth/ADDSUB_OP.ADDSUB/SPEED_OP.DSP.OP/DSP48E1_BODY.NORM_RND/FULL_USAGE_DSP.SHIFT_RND/DSP/A[29:0] is not pipelined. Pipelining DSP48 input will improve performance.
Related violations: <none>

DPIP-2#5 Warning
Input pipelining  
DSP bse_i/byte_statistics_engi_0/inst/byte_statistics_ejbC_U1/byte_statistics_engine_ap_faddfsub_2_full_dsp_32_u/U0/i_synth/ADDSUB_OP.ADDSUB/SPEED_OP.DSP.OP/DSP48E1_BODY.NORM_RND/FULL_USAGE_DSP.SHIFT_RND/DSP input bse_i/byte_statistics_engi_0/inst/byte_statistics_ejbC_U1/byte_statistics_engine_ap_faddfsub_2_full_dsp_32_u/U0/i_synth/ADDSUB_OP.ADDSUB/SPEED_OP.DSP.OP/DSP48E1_BODY.NORM_RND/FULL_USAGE_DSP.SHIFT_RND/DSP/B[17:0] is not pipelined. Pipelining DSP48 input will improve performance.
Related violations: <none>

DPIP-2#6 Warning
Input pipelining  
DSP bse_i/byte_statistics_engi_0/inst/byte_statistics_ejbC_U1/byte_statistics_engine_ap_faddfsub_2_full_dsp_32_u/U0/i_synth/ADDSUB_OP.ADDSUB/SPEED_OP.DSP.OP/DSP48E1_BODY.NORM_RND/FULL_USAGE_DSP.SHIFT_RND/DSP input bse_i/byte_statistics_engi_0/inst/byte_statistics_ejbC_U1/byte_statistics_engine_ap_faddfsub_2_full_dsp_32_u/U0/i_synth/ADDSUB_OP.ADDSUB/SPEED_OP.DSP.OP/DSP48E1_BODY.NORM_RND/FULL_USAGE_DSP.SHIFT_RND/DSP/C[47:0] is not pipelined. Pipelining DSP48 input will improve performance.
Related violations: <none>

DPIP-2#7 Warning
Input pipelining  
DSP bse_i/byte_statistics_engi_0/inst/byte_statistics_elbW_U3/byte_statistics_engine_ap_fmul_0_max_dsp_32_u/U0/i_synth/MULT.OP/MULT/DSP48E1_SPD_SGL_VARIANT.FIX_MULT/DSP1/DSP input bse_i/byte_statistics_engi_0/inst/byte_statistics_elbW_U3/byte_statistics_engine_ap_fmul_0_max_dsp_32_u/U0/i_synth/MULT.OP/MULT/DSP48E1_SPD_SGL_VARIANT.FIX_MULT/DSP1/DSP/A[29:0] is not pipelined. Pipelining DSP48 input will improve performance.
Related violations: <none>

DPIP-2#8 Warning
Input pipelining  
DSP bse_i/byte_statistics_engi_0/inst/byte_statistics_elbW_U3/byte_statistics_engine_ap_fmul_0_max_dsp_32_u/U0/i_synth/MULT.OP/MULT/DSP48E1_SPD_SGL_VARIANT.FIX_MULT/DSP1/DSP input bse_i/byte_statistics_engi_0/inst/byte_statistics_elbW_U3/byte_statistics_engine_ap_fmul_0_max_dsp_32_u/U0/i_synth/MULT.OP/MULT/DSP48E1_SPD_SGL_VARIANT.FIX_MULT/DSP1/DSP/B[17:0] is not pipelined. Pipelining DSP48 input will improve performance.
Related violations: <none>

DPIP-2#9 Warning
Input pipelining  
DSP bse_i/byte_statistics_engi_0/inst/byte_statistics_elbW_U3/byte_statistics_engine_ap_fmul_0_max_dsp_32_u/U0/i_synth/MULT.OP/MULT/DSP48E1_SPD_SGL_VARIANT.FIX_MULT/DSP2/DSP input bse_i/byte_statistics_engi_0/inst/byte_statistics_elbW_U3/byte_statistics_engine_ap_fmul_0_max_dsp_32_u/U0/i_synth/MULT.OP/MULT/DSP48E1_SPD_SGL_VARIANT.FIX_MULT/DSP2/DSP/B[17:0] is not pipelined. Pipelining DSP48 input will improve performance.
Related violations: <none>

DPIP-2#10 Warning
Input pipelining  
DSP bse_i/byte_statistics_engi_0/inst/byte_statistics_elbW_U3/byte_statistics_engine_ap_fmul_0_max_dsp_32_u/U0/i_synth/MULT.OP/R_AND_R/LAT_OPT.FULL.R_AND_R/DSP48E1_SGL_EXP_IP.OLD_ADD.ADD/DSP input bse_i/byte_statistics_engi_0/inst/byte_statistics_elbW_U3/byte_statistics_engine_ap_fmul_0_max_dsp_32_u/U0/i_synth/MULT.OP/R_AND_R/LAT_OPT.FULL.R_AND_R/DSP48E1_SGL_EXP_IP.OLD_ADD.ADD/DSP/C[47:0] is not pipelined. Pipelining DSP48 input will improve performance.
Related violations: <none>

DPIP-2#11 Warning
Input pipelining  
DSP bse_i/byte_statistics_engi_0/inst/byte_statistics_eqcK_U11/byte_statistics_engine_ap_flog_4_full_dsp_32_u/U0/i_synth/LOG_OP.OP/rr/L_path/g_adders[0].add/dsp.one.dsp48e1_add/DSP input bse_i/byte_statistics_engi_0/inst/byte_statistics_eqcK_U11/byte_statistics_engine_ap_flog_4_full_dsp_32_u/U0/i_synth/LOG_OP.OP/rr/L_path/g_adders[0].add/dsp.one.dsp48e1_add/DSP/A[29:0] is not pipelined. Pipelining DSP48 input will improve performance.
Related violations: <none>

DPIP-2#12 Warning
Input pipelining  
DSP bse_i/byte_statistics_engi_0/inst/byte_statistics_eqcK_U11/byte_statistics_engine_ap_flog_4_full_dsp_32_u/U0/i_synth/LOG_OP.OP/rr/L_path/g_adders[0].add/dsp.one.dsp48e1_add/DSP input bse_i/byte_statistics_engi_0/inst/byte_statistics_eqcK_U11/byte_statistics_engine_ap_flog_4_full_dsp_32_u/U0/i_synth/LOG_OP.OP/rr/L_path/g_adders[0].add/dsp.one.dsp48e1_add/DSP/B[17:0] is not pipelined. Pipelining DSP48 input will improve performance.
Related violations: <none>

DPIP-2#13 Warning
Input pipelining  
DSP bse_i/byte_statistics_engi_0/inst/byte_statistics_eqcK_U11/byte_statistics_engine_ap_flog_4_full_dsp_32_u/U0/i_synth/LOG_OP.OP/rr/L_path/g_adders[0].add/dsp.one.dsp48e1_add/DSP input bse_i/byte_statistics_engi_0/inst/byte_statistics_eqcK_U11/byte_statistics_engine_ap_flog_4_full_dsp_32_u/U0/i_synth/LOG_OP.OP/rr/L_path/g_adders[0].add/dsp.one.dsp48e1_add/DSP/C[47:0] is not pipelined. Pipelining DSP48 input will improve performance.
Related violations: <none>

DPIP-2#14 Warning
Input pipelining  
DSP bse_i/byte_statistics_engi_0/inst/byte_statistics_eqcK_U11/byte_statistics_engine_ap_flog_4_full_dsp_32_u/U0/i_synth/LOG_OP.OP/rr/L_path/g_adders[1].add/dsp.one.dsp48e1_add/DSP input bse_i/byte_statistics_engi_0/inst/byte_statistics_eqcK_U11/byte_statistics_engine_ap_flog_4_full_dsp_32_u/U0/i_synth/LOG_OP.OP/rr/L_path/g_adders[1].add/dsp.one.dsp48e1_add/DSP/A[29:0] is not pipelined. Pipelining DSP48 input will improve performance.
Related violations: <none>

DPIP-2#15 Warning
Input pipelining  
DSP bse_i/byte_statistics_engi_0/inst/byte_statistics_eqcK_U11/byte_statistics_engine_ap_flog_4_full_dsp_32_u/U0/i_synth/LOG_OP.OP/rr/L_path/g_adders[1].add/dsp.one.dsp48e1_add/DSP input bse_i/byte_statistics_engi_0/inst/byte_statistics_eqcK_U11/byte_statistics_engine_ap_flog_4_full_dsp_32_u/U0/i_synth/LOG_OP.OP/rr/L_path/g_adders[1].add/dsp.one.dsp48e1_add/DSP/B[17:0] is not pipelined. Pipelining DSP48 input will improve performance.
Related violations: <none>

DPIP-2#16 Warning
Input pipelining  
DSP bse_i/byte_statistics_engi_0/inst/byte_statistics_eqcK_U11/byte_statistics_engine_ap_flog_4_full_dsp_32_u/U0/i_synth/LOG_OP.OP/rr/L_path/g_adders[1].add/dsp.one.dsp48e1_add/DSP input bse_i/byte_statistics_engi_0/inst/byte_statistics_eqcK_U11/byte_statistics_engine_ap_flog_4_full_dsp_32_u/U0/i_synth/LOG_OP.OP/rr/L_path/g_adders[1].add/dsp.one.dsp48e1_add/DSP/C[47:0] is not pipelined. Pipelining DSP48 input will improve performance.
Related violations: <none>

DPIP-2#17 Warning
Input pipelining  
DSP bse_i/byte_statistics_engi_0/inst/byte_statistics_eqcK_U11/byte_statistics_engine_ap_flog_4_full_dsp_32_u/U0/i_synth/LOG_OP.OP/rr/mul/dsp_mult.z1_mult/use_prim.appDSP48[0].bppDSP48[0].use_dsp.use_dsp48e1.iDSP48E1 input bse_i/byte_statistics_engi_0/inst/byte_statistics_eqcK_U11/byte_statistics_engine_ap_flog_4_full_dsp_32_u/U0/i_synth/LOG_OP.OP/rr/mul/dsp_mult.z1_mult/use_prim.appDSP48[0].bppDSP48[0].use_dsp.use_dsp48e1.iDSP48E1/A[29:0] is not pipelined. Pipelining DSP48 input will improve performance.
Related violations: <none>

DPIP-2#18 Warning
Input pipelining  
DSP bse_i/byte_statistics_engi_0/inst/byte_statistics_eqcK_U11/byte_statistics_engine_ap_flog_4_full_dsp_32_u/U0/i_synth/LOG_OP.OP/rr/mul/dsp_mult.z1_mult/use_prim.appDSP48[0].bppDSP48[0].use_dsp.use_dsp48e1.iDSP48E1 input bse_i/byte_statistics_engi_0/inst/byte_statistics_eqcK_U11/byte_statistics_engine_ap_flog_4_full_dsp_32_u/U0/i_synth/LOG_OP.OP/rr/mul/dsp_mult.z1_mult/use_prim.appDSP48[0].bppDSP48[0].use_dsp.use_dsp48e1.iDSP48E1/B[17:0] is not pipelined. Pipelining DSP48 input will improve performance.
Related violations: <none>

DPIP-2#19 Warning
Input pipelining  
DSP bse_i/byte_statistics_engi_0/inst/byte_statistics_eqcK_U11/byte_statistics_engine_ap_flog_4_full_dsp_32_u/U0/i_synth/LOG_OP.OP/rr/mul/gen_iter[1].rr_mult/az_mult_no_combined_adder.az_mult/gDSP.gHYBRID.iHYBRID/one_fabric_mult.dsp_based.iDSP/use_prim.appDSP48[0].bppDSP48[0].use_dsp.use_dsp48e1.iDSP48E1 input bse_i/byte_statistics_engi_0/inst/byte_statistics_eqcK_U11/byte_statistics_engine_ap_flog_4_full_dsp_32_u/U0/i_synth/LOG_OP.OP/rr/mul/gen_iter[1].rr_mult/az_mult_no_combined_adder.az_mult/gDSP.gHYBRID.iHYBRID/one_fabric_mult.dsp_based.iDSP/use_prim.appDSP48[0].bppDSP48[0].use_dsp.use_dsp48e1.iDSP48E1/A[29:0] is not pipelined. Pipelining DSP48 input will improve performance.
Related violations: <none>

DPIP-2#20 Warning
Input pipelining  
DSP bse_i/byte_statistics_engi_0/inst/byte_statistics_eqcK_U11/byte_statistics_engine_ap_flog_4_full_dsp_32_u/U0/i_synth/LOG_OP.OP/rr/mul/gen_iter[1].rr_mult/az_mult_no_combined_adder.az_mult/gDSP.gHYBRID.iHYBRID/one_fabric_mult.dsp_based.iDSP/use_prim.appDSP48[0].bppDSP48[0].use_dsp.use_dsp48e1.iDSP48E1 input bse_i/byte_statistics_engi_0/inst/byte_statistics_eqcK_U11/byte_statistics_engine_ap_flog_4_full_dsp_32_u/U0/i_synth/LOG_OP.OP/rr/mul/gen_iter[1].rr_mult/az_mult_no_combined_adder.az_mult/gDSP.gHYBRID.iHYBRID/one_fabric_mult.dsp_based.iDSP/use_prim.appDSP48[0].bppDSP48[0].use_dsp.use_dsp48e1.iDSP48E1/B[17:0] is not pipelined. Pipelining DSP48 input will improve performance.
Related violations: <none>

DPIP-2#21 Warning
Input pipelining  
DSP bse_i/byte_statistics_engi_0/inst/byte_statistics_eqcK_U11/byte_statistics_engine_ap_flog_4_full_dsp_32_u/U0/i_synth/LOG_OP.OP/rr/mul/gen_iter[1].rr_mult/az_mult_no_combined_adder.az_mult/gDSP.gHYBRID.iHYBRID/one_fabric_mult.dsp_based.iDSP/use_prim.appDSP48[0].bppDSP48[0].use_dsp.use_dsp48e1.iDSP48E1 input bse_i/byte_statistics_engi_0/inst/byte_statistics_eqcK_U11/byte_statistics_engine_ap_flog_4_full_dsp_32_u/U0/i_synth/LOG_OP.OP/rr/mul/gen_iter[1].rr_mult/az_mult_no_combined_adder.az_mult/gDSP.gHYBRID.iHYBRID/one_fabric_mult.dsp_based.iDSP/use_prim.appDSP48[0].bppDSP48[0].use_dsp.use_dsp48e1.iDSP48E1/C[47:0] is not pipelined. Pipelining DSP48 input will improve performance.
Related violations: <none>

DPIP-2#22 Warning
Input pipelining  
DSP bse_i/byte_statistics_engi_0/inst/byte_statistics_eqcK_U11/byte_statistics_engine_ap_flog_4_full_dsp_32_u/U0/i_synth/LOG_OP.OP/rr/mul/gen_iter[1].rr_mult/other_precision_bez_add.bez_add/dsp.one.dsp48e1_add/DSP input bse_i/byte_statistics_engi_0/inst/byte_statistics_eqcK_U11/byte_statistics_engine_ap_flog_4_full_dsp_32_u/U0/i_synth/LOG_OP.OP/rr/mul/gen_iter[1].rr_mult/other_precision_bez_add.bez_add/dsp.one.dsp48e1_add/DSP/A[29:0] is not pipelined. Pipelining DSP48 input will improve performance.
Related violations: <none>

DPIP-2#23 Warning
Input pipelining  
DSP bse_i/byte_statistics_engi_0/inst/byte_statistics_eqcK_U11/byte_statistics_engine_ap_flog_4_full_dsp_32_u/U0/i_synth/LOG_OP.OP/rr/mul/gen_iter[1].rr_mult/other_precision_bez_add.bez_add/dsp.one.dsp48e1_add/DSP input bse_i/byte_statistics_engi_0/inst/byte_statistics_eqcK_U11/byte_statistics_engine_ap_flog_4_full_dsp_32_u/U0/i_synth/LOG_OP.OP/rr/mul/gen_iter[1].rr_mult/other_precision_bez_add.bez_add/dsp.one.dsp48e1_add/DSP/B[17:0] is not pipelined. Pipelining DSP48 input will improve performance.
Related violations: <none>

DPIP-2#24 Warning
Input pipelining  
DSP bse_i/byte_statistics_engi_0/inst/byte_statistics_eqcK_U11/byte_statistics_engine_ap_flog_4_full_dsp_32_u/U0/i_synth/LOG_OP.OP/rr/mul/gen_iter[1].rr_mult/other_precision_bez_add.bez_add/dsp.one.dsp48e1_add/DSP input bse_i/byte_statistics_engi_0/inst/byte_statistics_eqcK_U11/byte_statistics_engine_ap_flog_4_full_dsp_32_u/U0/i_synth/LOG_OP.OP/rr/mul/gen_iter[1].rr_mult/other_precision_bez_add.bez_add/dsp.one.dsp48e1_add/DSP/C[47:0] is not pipelined. Pipelining DSP48 input will improve performance.
Related violations: <none>

DPIP-2#25 Warning
Input pipelining  
DSP bse_i/byte_statistics_engi_0/inst/byte_statistics_eqcK_U11/byte_statistics_engine_ap_flog_4_full_dsp_32_u/U0/i_synth/LOG_OP.OP/rr/mul/gen_iter[1].rr_mult/zi_add_no_combined_adder.other_precision_zi_add.zi_add/dsp.one.dsp48e1_add/DSP input bse_i/byte_statistics_engi_0/inst/byte_statistics_eqcK_U11/byte_statistics_engine_ap_flog_4_full_dsp_32_u/U0/i_synth/LOG_OP.OP/rr/mul/gen_iter[1].rr_mult/zi_add_no_combined_adder.other_precision_zi_add.zi_add/dsp.one.dsp48e1_add/DSP/A[29:0] is not pipelined. Pipelining DSP48 input will improve performance.
Related violations: <none>

DPIP-2#26 Warning
Input pipelining  
DSP bse_i/byte_statistics_engi_0/inst/byte_statistics_eqcK_U11/byte_statistics_engine_ap_flog_4_full_dsp_32_u/U0/i_synth/LOG_OP.OP/rr/mul/gen_iter[1].rr_mult/zi_add_no_combined_adder.other_precision_zi_add.zi_add/dsp.one.dsp48e1_add/DSP input bse_i/byte_statistics_engi_0/inst/byte_statistics_eqcK_U11/byte_statistics_engine_ap_flog_4_full_dsp_32_u/U0/i_synth/LOG_OP.OP/rr/mul/gen_iter[1].rr_mult/zi_add_no_combined_adder.other_precision_zi_add.zi_add/dsp.one.dsp48e1_add/DSP/B[17:0] is not pipelined. Pipelining DSP48 input will improve performance.
Related violations: <none>

DPIP-2#27 Warning
Input pipelining  
DSP bse_i/byte_statistics_engi_0/inst/byte_statistics_eqcK_U11/byte_statistics_engine_ap_flog_4_full_dsp_32_u/U0/i_synth/LOG_OP.OP/rr/mul/gen_iter[1].rr_mult/zi_add_no_combined_adder.other_precision_zi_add.zi_add/dsp.one.dsp48e1_add/DSP input bse_i/byte_statistics_engi_0/inst/byte_statistics_eqcK_U11/byte_statistics_engine_ap_flog_4_full_dsp_32_u/U0/i_synth/LOG_OP.OP/rr/mul/gen_iter[1].rr_mult/zi_add_no_combined_adder.other_precision_zi_add.zi_add/dsp.one.dsp48e1_add/DSP/C[47:0] is not pipelined. Pipelining DSP48 input will improve performance.
Related violations: <none>

DPIP-2#28 Warning
Input pipelining  
DSP bse_i/byte_statistics_engi_0/inst/byte_statistics_eqcK_U11/byte_statistics_engine_ap_flog_4_full_dsp_32_u/U0/i_synth/LOG_OP.OP/rr/mul/gen_iter[2].rr_mult/az_mult_no_combined_adder.az_mult/gDSP.gDSP_only.iDSP/inferred_dsp.reg_mult.m_reg_reg input bse_i/byte_statistics_engi_0/inst/byte_statistics_eqcK_U11/byte_statistics_engine_ap_flog_4_full_dsp_32_u/U0/i_synth/LOG_OP.OP/rr/mul/gen_iter[2].rr_mult/az_mult_no_combined_adder.az_mult/gDSP.gDSP_only.iDSP/inferred_dsp.reg_mult.m_reg_reg/A[29:0] is not pipelined. Pipelining DSP48 input will improve performance.
Related violations: <none>

DPIP-2#29 Warning
Input pipelining  
DSP bse_i/byte_statistics_engi_0/inst/byte_statistics_eqcK_U11/byte_statistics_engine_ap_flog_4_full_dsp_32_u/U0/i_synth/LOG_OP.OP/rr/mul/gen_iter[2].rr_mult/az_mult_no_combined_adder.az_mult/gDSP.gDSP_only.iDSP/inferred_dsp.reg_mult.m_reg_reg input bse_i/byte_statistics_engi_0/inst/byte_statistics_eqcK_U11/byte_statistics_engine_ap_flog_4_full_dsp_32_u/U0/i_synth/LOG_OP.OP/rr/mul/gen_iter[2].rr_mult/az_mult_no_combined_adder.az_mult/gDSP.gDSP_only.iDSP/inferred_dsp.reg_mult.m_reg_reg/B[17:0] is not pipelined. Pipelining DSP48 input will improve performance.
Related violations: <none>

DPIP-2#30 Warning
Input pipelining  
DSP bse_i/byte_statistics_engi_0/inst/byte_statistics_eqcK_U11/byte_statistics_engine_ap_flog_4_full_dsp_32_u/U0/i_synth/LOG_OP.OP/rr/mul/gen_iter[2].rr_mult/other_precision_bez_add.bez_add/dsp.one.dsp48e1_add/DSP input bse_i/byte_statistics_engi_0/inst/byte_statistics_eqcK_U11/byte_statistics_engine_ap_flog_4_full_dsp_32_u/U0/i_synth/LOG_OP.OP/rr/mul/gen_iter[2].rr_mult/other_precision_bez_add.bez_add/dsp.one.dsp48e1_add/DSP/A[29:0] is not pipelined. Pipelining DSP48 input will improve performance.
Related violations: <none>

DPIP-2#31 Warning
Input pipelining  
DSP bse_i/byte_statistics_engi_0/inst/byte_statistics_eqcK_U11/byte_statistics_engine_ap_flog_4_full_dsp_32_u/U0/i_synth/LOG_OP.OP/rr/mul/gen_iter[2].rr_mult/other_precision_bez_add.bez_add/dsp.one.dsp48e1_add/DSP input bse_i/byte_statistics_engi_0/inst/byte_statistics_eqcK_U11/byte_statistics_engine_ap_flog_4_full_dsp_32_u/U0/i_synth/LOG_OP.OP/rr/mul/gen_iter[2].rr_mult/other_precision_bez_add.bez_add/dsp.one.dsp48e1_add/DSP/B[17:0] is not pipelined. Pipelining DSP48 input will improve performance.
Related violations: <none>

DPIP-2#32 Warning
Input pipelining  
DSP bse_i/byte_statistics_engi_0/inst/byte_statistics_eqcK_U11/byte_statistics_engine_ap_flog_4_full_dsp_32_u/U0/i_synth/LOG_OP.OP/rr/mul/gen_iter[2].rr_mult/other_precision_bez_add.bez_add/dsp.one.dsp48e1_add/DSP input bse_i/byte_statistics_engi_0/inst/byte_statistics_eqcK_U11/byte_statistics_engine_ap_flog_4_full_dsp_32_u/U0/i_synth/LOG_OP.OP/rr/mul/gen_iter[2].rr_mult/other_precision_bez_add.bez_add/dsp.one.dsp48e1_add/DSP/C[47:0] is not pipelined. Pipelining DSP48 input will improve performance.
Related violations: <none>

DPIP-2#33 Warning
Input pipelining  
DSP bse_i/byte_statistics_engi_0/inst/byte_statistics_eqcK_U11/byte_statistics_engine_ap_flog_4_full_dsp_32_u/U0/i_synth/LOG_OP.OP/rr/mul/gen_iter[2].rr_mult/zi_add_no_combined_adder.other_precision_zi_add.zi_add/dsp.one.dsp48e1_add/DSP input bse_i/byte_statistics_engi_0/inst/byte_statistics_eqcK_U11/byte_statistics_engine_ap_flog_4_full_dsp_32_u/U0/i_synth/LOG_OP.OP/rr/mul/gen_iter[2].rr_mult/zi_add_no_combined_adder.other_precision_zi_add.zi_add/dsp.one.dsp48e1_add/DSP/A[29:0] is not pipelined. Pipelining DSP48 input will improve performance.
Related violations: <none>

DPIP-2#34 Warning
Input pipelining  
DSP bse_i/byte_statistics_engi_0/inst/byte_statistics_eqcK_U11/byte_statistics_engine_ap_flog_4_full_dsp_32_u/U0/i_synth/LOG_OP.OP/rr/mul/gen_iter[2].rr_mult/zi_add_no_combined_adder.other_precision_zi_add.zi_add/dsp.one.dsp48e1_add/DSP input bse_i/byte_statistics_engi_0/inst/byte_statistics_eqcK_U11/byte_statistics_engine_ap_flog_4_full_dsp_32_u/U0/i_synth/LOG_OP.OP/rr/mul/gen_iter[2].rr_mult/zi_add_no_combined_adder.other_precision_zi_add.zi_add/dsp.one.dsp48e1_add/DSP/B[17:0] is not pipelined. Pipelining DSP48 input will improve performance.
Related violations: <none>

DPIP-2#35 Warning
Input pipelining  
DSP bse_i/byte_statistics_engi_0/inst/byte_statistics_eqcK_U11/byte_statistics_engine_ap_flog_4_full_dsp_32_u/U0/i_synth/LOG_OP.OP/rr/mul/gen_iter[2].rr_mult/zi_add_no_combined_adder.other_precision_zi_add.zi_add/dsp.one.dsp48e1_add/DSP input bse_i/byte_statistics_engi_0/inst/byte_statistics_eqcK_U11/byte_statistics_engine_ap_flog_4_full_dsp_32_u/U0/i_synth/LOG_OP.OP/rr/mul/gen_iter[2].rr_mult/zi_add_no_combined_adder.other_precision_zi_add.zi_add/dsp.one.dsp48e1_add/DSP/C[47:0] is not pipelined. Pipelining DSP48 input will improve performance.
Related violations: <none>

DPIP-2#36 Warning
Input pipelining  
DSP bse_i/byte_statistics_engi_0/inst/byte_statistics_eqcK_U11/byte_statistics_engine_ap_flog_4_full_dsp_32_u/U0/i_synth/LOG_OP.OP/taylor/gen_combiner_dsp48.addsub_comb/dsp.one.dsp48e1_add/DSP input bse_i/byte_statistics_engi_0/inst/byte_statistics_eqcK_U11/byte_statistics_engine_ap_flog_4_full_dsp_32_u/U0/i_synth/LOG_OP.OP/taylor/gen_combiner_dsp48.addsub_comb/dsp.one.dsp48e1_add/DSP/A[29:0] is not pipelined. Pipelining DSP48 input will improve performance.
Related violations: <none>

DPIP-2#37 Warning
Input pipelining  
DSP bse_i/byte_statistics_engi_0/inst/byte_statistics_eqcK_U11/byte_statistics_engine_ap_flog_4_full_dsp_32_u/U0/i_synth/LOG_OP.OP/taylor/gen_combiner_dsp48.addsub_comb/dsp.one.dsp48e1_add/DSP input bse_i/byte_statistics_engi_0/inst/byte_statistics_eqcK_U11/byte_statistics_engine_ap_flog_4_full_dsp_32_u/U0/i_synth/LOG_OP.OP/taylor/gen_combiner_dsp48.addsub_comb/dsp.one.dsp48e1_add/DSP/B[17:0] is not pipelined. Pipelining DSP48 input will improve performance.
Related violations: <none>

DPIP-2#38 Warning
Input pipelining  
DSP bse_i/byte_statistics_engi_0/inst/byte_statistics_eqcK_U11/byte_statistics_engine_ap_flog_4_full_dsp_32_u/U0/i_synth/LOG_OP.OP/taylor/gen_combiner_dsp48.addsub_comb/dsp.one.dsp48e1_add/DSP input bse_i/byte_statistics_engi_0/inst/byte_statistics_eqcK_U11/byte_statistics_engine_ap_flog_4_full_dsp_32_u/U0/i_synth/LOG_OP.OP/taylor/gen_combiner_dsp48.addsub_comb/dsp.one.dsp48e1_add/DSP/C[47:0] is not pipelined. Pipelining DSP48 input will improve performance.
Related violations: <none>

DPIP-2#39 Warning
Input pipelining  
DSP bse_i/byte_statistics_engi_0/inst/byte_statistics_eqcK_U11/byte_statistics_engine_ap_flog_4_full_dsp_32_u/U0/i_synth/LOG_OP.OP/taylor/gen_sum_addsub_dsp48.sum_addsub/dsp.one.dsp48e1_add/DSP input bse_i/byte_statistics_engi_0/inst/byte_statistics_eqcK_U11/byte_statistics_engine_ap_flog_4_full_dsp_32_u/U0/i_synth/LOG_OP.OP/taylor/gen_sum_addsub_dsp48.sum_addsub/dsp.one.dsp48e1_add/DSP/A[29:0] is not pipelined. Pipelining DSP48 input will improve performance.
Related violations: <none>

DPIP-2#40 Warning
Input pipelining  
DSP bse_i/byte_statistics_engi_0/inst/byte_statistics_eqcK_U11/byte_statistics_engine_ap_flog_4_full_dsp_32_u/U0/i_synth/LOG_OP.OP/taylor/gen_sum_addsub_dsp48.sum_addsub/dsp.one.dsp48e1_add/DSP input bse_i/byte_statistics_engi_0/inst/byte_statistics_eqcK_U11/byte_statistics_engine_ap_flog_4_full_dsp_32_u/U0/i_synth/LOG_OP.OP/taylor/gen_sum_addsub_dsp48.sum_addsub/dsp.one.dsp48e1_add/DSP/B[17:0] is not pipelined. Pipelining DSP48 input will improve performance.
Related violations: <none>

DPIP-2#41 Warning
Input pipelining  
DSP bse_i/byte_statistics_engi_0/inst/byte_statistics_eqcK_U11/byte_statistics_engine_ap_flog_4_full_dsp_32_u/U0/i_synth/LOG_OP.OP/taylor/gen_sum_addsub_dsp48.sum_addsub/dsp.one.dsp48e1_add/DSP input bse_i/byte_statistics_engi_0/inst/byte_statistics_eqcK_U11/byte_statistics_engine_ap_flog_4_full_dsp_32_u/U0/i_synth/LOG_OP.OP/taylor/gen_sum_addsub_dsp48.sum_addsub/dsp.one.dsp48e1_add/DSP/C[47:0] is not pipelined. Pipelining DSP48 input will improve performance.
Related violations: <none>

DPIP-2#42 Warning
Input pipelining  
DSP bse_i/byte_statistics_engi_0/inst/byte_statistics_eqcK_U11/byte_statistics_engine_ap_flog_4_full_dsp_32_u/U0/i_synth/LOG_OP.OP/taylor/other_precisions_z_plus_L_adder.z_plus_L_adder/dsp.one.dsp48e1_add/DSP input bse_i/byte_statistics_engi_0/inst/byte_statistics_eqcK_U11/byte_statistics_engine_ap_flog_4_full_dsp_32_u/U0/i_synth/LOG_OP.OP/taylor/other_precisions_z_plus_L_adder.z_plus_L_adder/dsp.one.dsp48e1_add/DSP/A[29:0] is not pipelined. Pipelining DSP48 input will improve performance.
Related violations: <none>

DPIP-2#43 Warning
Input pipelining  
DSP bse_i/byte_statistics_engi_0/inst/byte_statistics_eqcK_U11/byte_statistics_engine_ap_flog_4_full_dsp_32_u/U0/i_synth/LOG_OP.OP/taylor/other_precisions_z_plus_L_adder.z_plus_L_adder/dsp.one.dsp48e1_add/DSP input bse_i/byte_statistics_engi_0/inst/byte_statistics_eqcK_U11/byte_statistics_engine_ap_flog_4_full_dsp_32_u/U0/i_synth/LOG_OP.OP/taylor/other_precisions_z_plus_L_adder.z_plus_L_adder/dsp.one.dsp48e1_add/DSP/B[17:0] is not pipelined. Pipelining DSP48 input will improve performance.
Related violations: <none>

DPIP-2#44 Warning
Input pipelining  
DSP bse_i/byte_statistics_engi_0/inst/byte_statistics_eqcK_U11/byte_statistics_engine_ap_flog_4_full_dsp_32_u/U0/i_synth/LOG_OP.OP/taylor/other_precisions_z_plus_L_adder.z_plus_L_adder/dsp.one.dsp48e1_add/DSP input bse_i/byte_statistics_engi_0/inst/byte_statistics_eqcK_U11/byte_statistics_engine_ap_flog_4_full_dsp_32_u/U0/i_synth/LOG_OP.OP/taylor/other_precisions_z_plus_L_adder.z_plus_L_adder/dsp.one.dsp48e1_add/DSP/C[47:0] is not pipelined. Pipelining DSP48 input will improve performance.
Related violations: <none>

DPIP-2#45 Warning
Input pipelining  
DSP bse_i/byte_statistics_engi_0/inst/byte_statistics_eqcK_U11/byte_statistics_engine_ap_flog_4_full_dsp_32_u/U0/i_synth/LOG_OP.OP/taylor/squarer/gDSP.gDSP_only.iDSP/multOp input bse_i/byte_statistics_engi_0/inst/byte_statistics_eqcK_U11/byte_statistics_engine_ap_flog_4_full_dsp_32_u/U0/i_synth/LOG_OP.OP/taylor/squarer/gDSP.gDSP_only.iDSP/multOp/A[29:0] is not pipelined. Pipelining DSP48 input will improve performance.
Related violations: <none>

DPIP-2#46 Warning
Input pipelining  
DSP bse_i/byte_statistics_engi_0/inst/byte_statistics_eqcK_U11/byte_statistics_engine_ap_flog_4_full_dsp_32_u/U0/i_synth/LOG_OP.OP/taylor/squarer/gDSP.gDSP_only.iDSP/multOp input bse_i/byte_statistics_engi_0/inst/byte_statistics_eqcK_U11/byte_statistics_engine_ap_flog_4_full_dsp_32_u/U0/i_synth/LOG_OP.OP/taylor/squarer/gDSP.gDSP_only.iDSP/multOp/B[17:0] is not pipelined. Pipelining DSP48 input will improve performance.
Related violations: <none>

DPIP-2#47 Warning
Input pipelining  
DSP bse_i/byte_statistics_engi_0/inst/tmp_1_reg_11664_reg input bse_i/byte_statistics_engi_0/inst/tmp_1_reg_11664_reg/A[29:0] is not pipelined. Pipelining DSP48 input will improve performance.
Related violations: <none>

DPIP-2#48 Warning
Input pipelining  
DSP bse_i/byte_statistics_engi_0/inst/tmp_1_reg_11664_reg input bse_i/byte_statistics_engi_0/inst/tmp_1_reg_11664_reg/B[17:0] is not pipelined. Pipelining DSP48 input will improve performance.
Related violations: <none>

DPOP-3#1 Warning
PREG Output pipelining  
DSP bse_i/byte_statistics_engi_0/inst/byte_statistics_ejbC_U1/byte_statistics_engine_ap_faddfsub_2_full_dsp_32_u/U0/i_synth/ADDSUB_OP.ADDSUB/SPEED_OP.DSP.OP/DSP48E1_BODY.ALIGN_ADD/DSP2/DSP output bse_i/byte_statistics_engi_0/inst/byte_statistics_ejbC_U1/byte_statistics_engine_ap_faddfsub_2_full_dsp_32_u/U0/i_synth/ADDSUB_OP.ADDSUB/SPEED_OP.DSP.OP/DSP48E1_BODY.ALIGN_ADD/DSP2/DSP/PATTERNDETECT is not pipelined (PREG=0). Pipelining the DSP48 output will improve performance and often saves power so it is suggested whenever possible to fully pipeline this function.  If this DSP48 function was inferred, it is suggested to describe an additional register stage after this function.  If the DSP48 was instantiated in the design, it is suggested to set the PREG attribute to 1.
Related violations: <none>

DPOP-3#2 Warning
PREG Output pipelining  
DSP bse_i/byte_statistics_engi_0/inst/byte_statistics_ejbC_U1/byte_statistics_engine_ap_faddfsub_2_full_dsp_32_u/U0/i_synth/ADDSUB_OP.ADDSUB/SPEED_OP.DSP.OP/DSP48E1_BODY.ALIGN_ADD/DSP2/DSP output bse_i/byte_statistics_engi_0/inst/byte_statistics_ejbC_U1/byte_statistics_engine_ap_faddfsub_2_full_dsp_32_u/U0/i_synth/ADDSUB_OP.ADDSUB/SPEED_OP.DSP.OP/DSP48E1_BODY.ALIGN_ADD/DSP2/DSP/P[47:0] is not pipelined (PREG=0). Pipelining the DSP48 output will improve performance and often saves power so it is suggested whenever possible to fully pipeline this function.  If this DSP48 function was inferred, it is suggested to describe an additional register stage after this function.  If the DSP48 was instantiated in the design, it is suggested to set the PREG attribute to 1.
Related violations: <none>

DPOP-3#3 Warning
PREG Output pipelining  
DSP bse_i/byte_statistics_engi_0/inst/byte_statistics_ejbC_U1/byte_statistics_engine_ap_faddfsub_2_full_dsp_32_u/U0/i_synth/ADDSUB_OP.ADDSUB/SPEED_OP.DSP.OP/DSP48E1_BODY.NORM_RND/FULL_USAGE_DSP.SHIFT_RND/DSP output bse_i/byte_statistics_engi_0/inst/byte_statistics_ejbC_U1/byte_statistics_engine_ap_faddfsub_2_full_dsp_32_u/U0/i_synth/ADDSUB_OP.ADDSUB/SPEED_OP.DSP.OP/DSP48E1_BODY.NORM_RND/FULL_USAGE_DSP.SHIFT_RND/DSP/P[47:0] is not pipelined (PREG=0). Pipelining the DSP48 output will improve performance and often saves power so it is suggested whenever possible to fully pipeline this function.  If this DSP48 function was inferred, it is suggested to describe an additional register stage after this function.  If the DSP48 was instantiated in the design, it is suggested to set the PREG attribute to 1.
Related violations: <none>

DPOP-3#4 Warning
PREG Output pipelining  
DSP bse_i/byte_statistics_engi_0/inst/byte_statistics_elbW_U3/byte_statistics_engine_ap_fmul_0_max_dsp_32_u/U0/i_synth/MULT.OP/MULT/DSP48E1_SPD_SGL_VARIANT.FIX_MULT/DSP1/DSP output bse_i/byte_statistics_engi_0/inst/byte_statistics_elbW_U3/byte_statistics_engine_ap_fmul_0_max_dsp_32_u/U0/i_synth/MULT.OP/MULT/DSP48E1_SPD_SGL_VARIANT.FIX_MULT/DSP1/DSP/PATTERNDETECT is not pipelined (PREG=0). Pipelining the DSP48 output will improve performance and often saves power so it is suggested whenever possible to fully pipeline this function.  If this DSP48 function was inferred, it is suggested to describe an additional register stage after this function.  If the DSP48 was instantiated in the design, it is suggested to set the PREG attribute to 1.
Related violations: <none>

DPOP-3#5 Warning
PREG Output pipelining  
DSP bse_i/byte_statistics_engi_0/inst/byte_statistics_elbW_U3/byte_statistics_engine_ap_fmul_0_max_dsp_32_u/U0/i_synth/MULT.OP/MULT/DSP48E1_SPD_SGL_VARIANT.FIX_MULT/DSP2/DSP output bse_i/byte_statistics_engi_0/inst/byte_statistics_elbW_U3/byte_statistics_engine_ap_fmul_0_max_dsp_32_u/U0/i_synth/MULT.OP/MULT/DSP48E1_SPD_SGL_VARIANT.FIX_MULT/DSP2/DSP/PATTERNDETECT is not pipelined (PREG=0). Pipelining the DSP48 output will improve performance and often saves power so it is suggested whenever possible to fully pipeline this function.  If this DSP48 function was inferred, it is suggested to describe an additional register stage after this function.  If the DSP48 was instantiated in the design, it is suggested to set the PREG attribute to 1.
Related violations: <none>

DPOP-3#6 Warning
PREG Output pipelining  
DSP bse_i/byte_statistics_engi_0/inst/byte_statistics_elbW_U3/byte_statistics_engine_ap_fmul_0_max_dsp_32_u/U0/i_synth/MULT.OP/MULT/DSP48E1_SPD_SGL_VARIANT.FIX_MULT/DSP2/DSP output bse_i/byte_statistics_engi_0/inst/byte_statistics_elbW_U3/byte_statistics_engine_ap_fmul_0_max_dsp_32_u/U0/i_synth/MULT.OP/MULT/DSP48E1_SPD_SGL_VARIANT.FIX_MULT/DSP2/DSP/P[47:0] is not pipelined (PREG=0). Pipelining the DSP48 output will improve performance and often saves power so it is suggested whenever possible to fully pipeline this function.  If this DSP48 function was inferred, it is suggested to describe an additional register stage after this function.  If the DSP48 was instantiated in the design, it is suggested to set the PREG attribute to 1.
Related violations: <none>

DPOP-3#7 Warning
PREG Output pipelining  
DSP bse_i/byte_statistics_engi_0/inst/byte_statistics_elbW_U3/byte_statistics_engine_ap_fmul_0_max_dsp_32_u/U0/i_synth/MULT.OP/R_AND_R/LAT_OPT.FULL.R_AND_R/DSP48E1_SGL_EXP_IP.OLD_ADD.ADD/DSP output bse_i/byte_statistics_engi_0/inst/byte_statistics_elbW_U3/byte_statistics_engine_ap_fmul_0_max_dsp_32_u/U0/i_synth/MULT.OP/R_AND_R/LAT_OPT.FULL.R_AND_R/DSP48E1_SGL_EXP_IP.OLD_ADD.ADD/DSP/CARRYOUT[3:0] is not pipelined (PREG=0). Pipelining the DSP48 output will improve performance and often saves power so it is suggested whenever possible to fully pipeline this function.  If this DSP48 function was inferred, it is suggested to describe an additional register stage after this function.  If the DSP48 was instantiated in the design, it is suggested to set the PREG attribute to 1.
Related violations: <none>

DPOP-3#8 Warning
PREG Output pipelining  
DSP bse_i/byte_statistics_engi_0/inst/byte_statistics_elbW_U3/byte_statistics_engine_ap_fmul_0_max_dsp_32_u/U0/i_synth/MULT.OP/R_AND_R/LAT_OPT.FULL.R_AND_R/DSP48E1_SGL_EXP_IP.OLD_ADD.ADD/DSP output bse_i/byte_statistics_engi_0/inst/byte_statistics_elbW_U3/byte_statistics_engine_ap_fmul_0_max_dsp_32_u/U0/i_synth/MULT.OP/R_AND_R/LAT_OPT.FULL.R_AND_R/DSP48E1_SGL_EXP_IP.OLD_ADD.ADD/DSP/P[47:0] is not pipelined (PREG=0). Pipelining the DSP48 output will improve performance and often saves power so it is suggested whenever possible to fully pipeline this function.  If this DSP48 function was inferred, it is suggested to describe an additional register stage after this function.  If the DSP48 was instantiated in the design, it is suggested to set the PREG attribute to 1.
Related violations: <none>

DPOP-3#9 Warning
PREG Output pipelining  
DSP bse_i/byte_statistics_engi_0/inst/byte_statistics_eqcK_U11/byte_statistics_engine_ap_flog_4_full_dsp_32_u/U0/i_synth/LOG_OP.OP/rr/L_path/g_adders[0].add/dsp.one.dsp48e1_add/DSP output bse_i/byte_statistics_engi_0/inst/byte_statistics_eqcK_U11/byte_statistics_engine_ap_flog_4_full_dsp_32_u/U0/i_synth/LOG_OP.OP/rr/L_path/g_adders[0].add/dsp.one.dsp48e1_add/DSP/P[47:0] is not pipelined (PREG=0). Pipelining the DSP48 output will improve performance and often saves power so it is suggested whenever possible to fully pipeline this function.  If this DSP48 function was inferred, it is suggested to describe an additional register stage after this function.  If the DSP48 was instantiated in the design, it is suggested to set the PREG attribute to 1.
Related violations: <none>

DPOP-3#10 Warning
PREG Output pipelining  
DSP bse_i/byte_statistics_engi_0/inst/byte_statistics_eqcK_U11/byte_statistics_engine_ap_flog_4_full_dsp_32_u/U0/i_synth/LOG_OP.OP/rr/L_path/g_adders[1].add/dsp.one.dsp48e1_add/DSP output bse_i/byte_statistics_engi_0/inst/byte_statistics_eqcK_U11/byte_statistics_engine_ap_flog_4_full_dsp_32_u/U0/i_synth/LOG_OP.OP/rr/L_path/g_adders[1].add/dsp.one.dsp48e1_add/DSP/P[47:0] is not pipelined (PREG=0). Pipelining the DSP48 output will improve performance and often saves power so it is suggested whenever possible to fully pipeline this function.  If this DSP48 function was inferred, it is suggested to describe an additional register stage after this function.  If the DSP48 was instantiated in the design, it is suggested to set the PREG attribute to 1.
Related violations: <none>

DPOP-3#11 Warning
PREG Output pipelining  
DSP bse_i/byte_statistics_engi_0/inst/byte_statistics_eqcK_U11/byte_statistics_engine_ap_flog_4_full_dsp_32_u/U0/i_synth/LOG_OP.OP/rr/mul/dsp_mult.z1_mult/use_prim.appDSP48[0].bppDSP48[0].use_dsp.use_dsp48e1.iDSP48E1 output bse_i/byte_statistics_engi_0/inst/byte_statistics_eqcK_U11/byte_statistics_engine_ap_flog_4_full_dsp_32_u/U0/i_synth/LOG_OP.OP/rr/mul/dsp_mult.z1_mult/use_prim.appDSP48[0].bppDSP48[0].use_dsp.use_dsp48e1.iDSP48E1/P[47:0] is not pipelined (PREG=0). Pipelining the DSP48 output will improve performance and often saves power so it is suggested whenever possible to fully pipeline this function.  If this DSP48 function was inferred, it is suggested to describe an additional register stage after this function.  If the DSP48 was instantiated in the design, it is suggested to set the PREG attribute to 1.
Related violations: <none>

DPOP-3#12 Warning
PREG Output pipelining  
DSP bse_i/byte_statistics_engi_0/inst/byte_statistics_eqcK_U11/byte_statistics_engine_ap_flog_4_full_dsp_32_u/U0/i_synth/LOG_OP.OP/rr/mul/gen_iter[1].rr_mult/other_precision_bez_add.bez_add/dsp.one.dsp48e1_add/DSP output bse_i/byte_statistics_engi_0/inst/byte_statistics_eqcK_U11/byte_statistics_engine_ap_flog_4_full_dsp_32_u/U0/i_synth/LOG_OP.OP/rr/mul/gen_iter[1].rr_mult/other_precision_bez_add.bez_add/dsp.one.dsp48e1_add/DSP/P[47:0] is not pipelined (PREG=0). Pipelining the DSP48 output will improve performance and often saves power so it is suggested whenever possible to fully pipeline this function.  If this DSP48 function was inferred, it is suggested to describe an additional register stage after this function.  If the DSP48 was instantiated in the design, it is suggested to set the PREG attribute to 1.
Related violations: <none>

DPOP-3#13 Warning
PREG Output pipelining  
DSP bse_i/byte_statistics_engi_0/inst/byte_statistics_eqcK_U11/byte_statistics_engine_ap_flog_4_full_dsp_32_u/U0/i_synth/LOG_OP.OP/rr/mul/gen_iter[1].rr_mult/zi_add_no_combined_adder.other_precision_zi_add.zi_add/dsp.one.dsp48e1_add/DSP output bse_i/byte_statistics_engi_0/inst/byte_statistics_eqcK_U11/byte_statistics_engine_ap_flog_4_full_dsp_32_u/U0/i_synth/LOG_OP.OP/rr/mul/gen_iter[1].rr_mult/zi_add_no_combined_adder.other_precision_zi_add.zi_add/dsp.one.dsp48e1_add/DSP/P[47:0] is not pipelined (PREG=0). Pipelining the DSP48 output will improve performance and often saves power so it is suggested whenever possible to fully pipeline this function.  If this DSP48 function was inferred, it is suggested to describe an additional register stage after this function.  If the DSP48 was instantiated in the design, it is suggested to set the PREG attribute to 1.
Related violations: <none>

DPOP-3#14 Warning
PREG Output pipelining  
DSP bse_i/byte_statistics_engi_0/inst/byte_statistics_eqcK_U11/byte_statistics_engine_ap_flog_4_full_dsp_32_u/U0/i_synth/LOG_OP.OP/rr/mul/gen_iter[2].rr_mult/zi_add_no_combined_adder.other_precision_zi_add.zi_add/dsp.one.dsp48e1_add/DSP output bse_i/byte_statistics_engi_0/inst/byte_statistics_eqcK_U11/byte_statistics_engine_ap_flog_4_full_dsp_32_u/U0/i_synth/LOG_OP.OP/rr/mul/gen_iter[2].rr_mult/zi_add_no_combined_adder.other_precision_zi_add.zi_add/dsp.one.dsp48e1_add/DSP/P[47:0] is not pipelined (PREG=0). Pipelining the DSP48 output will improve performance and often saves power so it is suggested whenever possible to fully pipeline this function.  If this DSP48 function was inferred, it is suggested to describe an additional register stage after this function.  If the DSP48 was instantiated in the design, it is suggested to set the PREG attribute to 1.
Related violations: <none>

DPOP-3#15 Warning
PREG Output pipelining  
DSP bse_i/byte_statistics_engi_0/inst/byte_statistics_eqcK_U11/byte_statistics_engine_ap_flog_4_full_dsp_32_u/U0/i_synth/LOG_OP.OP/taylor/gen_sum_addsub_dsp48.sum_addsub/dsp.one.dsp48e1_add/DSP output bse_i/byte_statistics_engi_0/inst/byte_statistics_eqcK_U11/byte_statistics_engine_ap_flog_4_full_dsp_32_u/U0/i_synth/LOG_OP.OP/taylor/gen_sum_addsub_dsp48.sum_addsub/dsp.one.dsp48e1_add/DSP/P[47:0] is not pipelined (PREG=0). Pipelining the DSP48 output will improve performance and often saves power so it is suggested whenever possible to fully pipeline this function.  If this DSP48 function was inferred, it is suggested to describe an additional register stage after this function.  If the DSP48 was instantiated in the design, it is suggested to set the PREG attribute to 1.
Related violations: <none>

DPOP-3#16 Warning
PREG Output pipelining  
DSP bse_i/byte_statistics_engi_0/inst/byte_statistics_eqcK_U11/byte_statistics_engine_ap_flog_4_full_dsp_32_u/U0/i_synth/LOG_OP.OP/taylor/other_precisions_z_plus_L_adder.z_plus_L_adder/dsp.one.dsp48e1_add/DSP output bse_i/byte_statistics_engi_0/inst/byte_statistics_eqcK_U11/byte_statistics_engine_ap_flog_4_full_dsp_32_u/U0/i_synth/LOG_OP.OP/taylor/other_precisions_z_plus_L_adder.z_plus_L_adder/dsp.one.dsp48e1_add/DSP/P[47:0] is not pipelined (PREG=0). Pipelining the DSP48 output will improve performance and often saves power so it is suggested whenever possible to fully pipeline this function.  If this DSP48 function was inferred, it is suggested to describe an additional register stage after this function.  If the DSP48 was instantiated in the design, it is suggested to set the PREG attribute to 1.
Related violations: <none>

DPOP-3#17 Warning
PREG Output pipelining  
DSP bse_i/byte_statistics_engi_0/inst/byte_statistics_eqcK_U11/byte_statistics_engine_ap_flog_4_full_dsp_32_u/U0/i_synth/LOG_OP.OP/taylor/squarer/gDSP.gDSP_only.iDSP/multOp output bse_i/byte_statistics_engi_0/inst/byte_statistics_eqcK_U11/byte_statistics_engine_ap_flog_4_full_dsp_32_u/U0/i_synth/LOG_OP.OP/taylor/squarer/gDSP.gDSP_only.iDSP/multOp/P[47:0] is not pipelined (PREG=0). Pipelining the DSP48 output will improve performance and often saves power so it is suggested whenever possible to fully pipeline this function.  If this DSP48 function was inferred, it is suggested to describe an additional register stage after this function.  If the DSP48 was instantiated in the design, it is suggested to set the PREG attribute to 1.
Related violations: <none>

DPOP-3#18 Warning
PREG Output pipelining  
DSP bse_i/byte_statistics_engi_0/inst/tmp_1_2_fu_6748_p2 output bse_i/byte_statistics_engi_0/inst/tmp_1_2_fu_6748_p2/P[47:0] is not pipelined (PREG=0). Pipelining the DSP48 output will improve performance and often saves power so it is suggested whenever possible to fully pipeline this function.  If this DSP48 function was inferred, it is suggested to describe an additional register stage after this function.  If the DSP48 was instantiated in the design, it is suggested to set the PREG attribute to 1.
Related violations: <none>

DPOP-3#19 Warning
PREG Output pipelining  
DSP bse_i/byte_statistics_engi_0/inst/tmp_1_3_fu_7617_p2 output bse_i/byte_statistics_engi_0/inst/tmp_1_3_fu_7617_p2/P[47:0] is not pipelined (PREG=0). Pipelining the DSP48 output will improve performance and often saves power so it is suggested whenever possible to fully pipeline this function.  If this DSP48 function was inferred, it is suggested to describe an additional register stage after this function.  If the DSP48 was instantiated in the design, it is suggested to set the PREG attribute to 1.
Related violations: <none>

DPOP-4#1 Warning
MREG Output pipelining  
DSP bse_i/byte_statistics_engi_0/inst/byte_statistics_ejbC_U1/byte_statistics_engine_ap_faddfsub_2_full_dsp_32_u/U0/i_synth/ADDSUB_OP.ADDSUB/SPEED_OP.DSP.OP/DSP48E1_BODY.NORM_RND/FULL_USAGE_DSP.SHIFT_RND/DSP multiplier stage bse_i/byte_statistics_engi_0/inst/byte_statistics_ejbC_U1/byte_statistics_engine_ap_faddfsub_2_full_dsp_32_u/U0/i_synth/ADDSUB_OP.ADDSUB/SPEED_OP.DSP.OP/DSP48E1_BODY.NORM_RND/FULL_USAGE_DSP.SHIFT_RND/DSP/P[47:0] is not pipelined (MREG=0). Pipelining the multiplier function will improve performance and will save significant power so it is suggested whenever possible to fully pipeline this function.  If this multiplier was inferred, it is suggested to describe an additional register stage after this function.  If there is no registered adder/accumulator following the multiply function, two pipeline stages are suggested to allow both the MREG and PREG registers to be used.  If the DSP48 was instantiated in the design, it is suggested to set both the MREG and PREG attributes to 1 when performing multiply functions.
Related violations: <none>

DPOP-4#2 Warning
MREG Output pipelining  
DSP bse_i/byte_statistics_engi_0/inst/byte_statistics_elbW_U3/byte_statistics_engine_ap_fmul_0_max_dsp_32_u/U0/i_synth/MULT.OP/MULT/DSP48E1_SPD_SGL_VARIANT.FIX_MULT/DSP1/DSP multiplier stage bse_i/byte_statistics_engi_0/inst/byte_statistics_elbW_U3/byte_statistics_engine_ap_fmul_0_max_dsp_32_u/U0/i_synth/MULT.OP/MULT/DSP48E1_SPD_SGL_VARIANT.FIX_MULT/DSP1/DSP/PATTERNDETECT is not pipelined (MREG=0). Pipelining the multiplier function will improve performance and will save significant power so it is suggested whenever possible to fully pipeline this function.  If this multiplier was inferred, it is suggested to describe an additional register stage after this function.  If there is no registered adder/accumulator following the multiply function, two pipeline stages are suggested to allow both the MREG and PREG registers to be used.  If the DSP48 was instantiated in the design, it is suggested to set both the MREG and PREG attributes to 1 when performing multiply functions.
Related violations: <none>

DPOP-4#3 Warning
MREG Output pipelining  
DSP bse_i/byte_statistics_engi_0/inst/byte_statistics_elbW_U3/byte_statistics_engine_ap_fmul_0_max_dsp_32_u/U0/i_synth/MULT.OP/MULT/DSP48E1_SPD_SGL_VARIANT.FIX_MULT/DSP2/DSP multiplier stage bse_i/byte_statistics_engi_0/inst/byte_statistics_elbW_U3/byte_statistics_engine_ap_fmul_0_max_dsp_32_u/U0/i_synth/MULT.OP/MULT/DSP48E1_SPD_SGL_VARIANT.FIX_MULT/DSP2/DSP/PATTERNDETECT is not pipelined (MREG=0). Pipelining the multiplier function will improve performance and will save significant power so it is suggested whenever possible to fully pipeline this function.  If this multiplier was inferred, it is suggested to describe an additional register stage after this function.  If there is no registered adder/accumulator following the multiply function, two pipeline stages are suggested to allow both the MREG and PREG registers to be used.  If the DSP48 was instantiated in the design, it is suggested to set both the MREG and PREG attributes to 1 when performing multiply functions.
Related violations: <none>

DPOP-4#4 Warning
MREG Output pipelining  
DSP bse_i/byte_statistics_engi_0/inst/byte_statistics_elbW_U3/byte_statistics_engine_ap_fmul_0_max_dsp_32_u/U0/i_synth/MULT.OP/MULT/DSP48E1_SPD_SGL_VARIANT.FIX_MULT/DSP2/DSP multiplier stage bse_i/byte_statistics_engi_0/inst/byte_statistics_elbW_U3/byte_statistics_engine_ap_fmul_0_max_dsp_32_u/U0/i_synth/MULT.OP/MULT/DSP48E1_SPD_SGL_VARIANT.FIX_MULT/DSP2/DSP/P[47:0] is not pipelined (MREG=0). Pipelining the multiplier function will improve performance and will save significant power so it is suggested whenever possible to fully pipeline this function.  If this multiplier was inferred, it is suggested to describe an additional register stage after this function.  If there is no registered adder/accumulator following the multiply function, two pipeline stages are suggested to allow both the MREG and PREG registers to be used.  If the DSP48 was instantiated in the design, it is suggested to set both the MREG and PREG attributes to 1 when performing multiply functions.
Related violations: <none>

DPOP-4#5 Warning
MREG Output pipelining  
DSP bse_i/byte_statistics_engi_0/inst/byte_statistics_eqcK_U11/byte_statistics_engine_ap_flog_4_full_dsp_32_u/U0/i_synth/LOG_OP.OP/rr/mul/dsp_mult.z1_mult/use_prim.appDSP48[0].bppDSP48[0].use_dsp.use_dsp48e1.iDSP48E1 multiplier stage bse_i/byte_statistics_engi_0/inst/byte_statistics_eqcK_U11/byte_statistics_engine_ap_flog_4_full_dsp_32_u/U0/i_synth/LOG_OP.OP/rr/mul/dsp_mult.z1_mult/use_prim.appDSP48[0].bppDSP48[0].use_dsp.use_dsp48e1.iDSP48E1/P[47:0] is not pipelined (MREG=0). Pipelining the multiplier function will improve performance and will save significant power so it is suggested whenever possible to fully pipeline this function.  If this multiplier was inferred, it is suggested to describe an additional register stage after this function.  If there is no registered adder/accumulator following the multiply function, two pipeline stages are suggested to allow both the MREG and PREG registers to be used.  If the DSP48 was instantiated in the design, it is suggested to set both the MREG and PREG attributes to 1 when performing multiply functions.
Related violations: <none>

DPOP-4#6 Warning
MREG Output pipelining  
DSP bse_i/byte_statistics_engi_0/inst/byte_statistics_eqcK_U11/byte_statistics_engine_ap_flog_4_full_dsp_32_u/U0/i_synth/LOG_OP.OP/rr/mul/gen_iter[1].rr_mult/az_mult_no_combined_adder.az_mult/gDSP.gHYBRID.iHYBRID/one_fabric_mult.dsp_based.iDSP/use_prim.appDSP48[0].bppDSP48[0].use_dsp.use_dsp48e1.iDSP48E1 multiplier stage bse_i/byte_statistics_engi_0/inst/byte_statistics_eqcK_U11/byte_statistics_engine_ap_flog_4_full_dsp_32_u/U0/i_synth/LOG_OP.OP/rr/mul/gen_iter[1].rr_mult/az_mult_no_combined_adder.az_mult/gDSP.gHYBRID.iHYBRID/one_fabric_mult.dsp_based.iDSP/use_prim.appDSP48[0].bppDSP48[0].use_dsp.use_dsp48e1.iDSP48E1/P[47:0] is not pipelined (MREG=0). Pipelining the multiplier function will improve performance and will save significant power so it is suggested whenever possible to fully pipeline this function.  If this multiplier was inferred, it is suggested to describe an additional register stage after this function.  If there is no registered adder/accumulator following the multiply function, two pipeline stages are suggested to allow both the MREG and PREG registers to be used.  If the DSP48 was instantiated in the design, it is suggested to set both the MREG and PREG attributes to 1 when performing multiply functions.
Related violations: <none>

DPOP-4#7 Warning
MREG Output pipelining  
DSP bse_i/byte_statistics_engi_0/inst/byte_statistics_eqcK_U11/byte_statistics_engine_ap_flog_4_full_dsp_32_u/U0/i_synth/LOG_OP.OP/rr/mul/gen_iter[2].rr_mult/az_mult_no_combined_adder.az_mult/gDSP.gDSP_only.iDSP/inferred_dsp.reg_mult.m_reg_reg multiplier stage bse_i/byte_statistics_engi_0/inst/byte_statistics_eqcK_U11/byte_statistics_engine_ap_flog_4_full_dsp_32_u/U0/i_synth/LOG_OP.OP/rr/mul/gen_iter[2].rr_mult/az_mult_no_combined_adder.az_mult/gDSP.gDSP_only.iDSP/inferred_dsp.reg_mult.m_reg_reg/P[47:0] is not pipelined (MREG=0). Pipelining the multiplier function will improve performance and will save significant power so it is suggested whenever possible to fully pipeline this function.  If this multiplier was inferred, it is suggested to describe an additional register stage after this function.  If there is no registered adder/accumulator following the multiply function, two pipeline stages are suggested to allow both the MREG and PREG registers to be used.  If the DSP48 was instantiated in the design, it is suggested to set both the MREG and PREG attributes to 1 when performing multiply functions.
Related violations: <none>

DPOP-4#8 Warning
MREG Output pipelining  
DSP bse_i/byte_statistics_engi_0/inst/byte_statistics_eqcK_U11/byte_statistics_engine_ap_flog_4_full_dsp_32_u/U0/i_synth/LOG_OP.OP/taylor/squarer/gDSP.gDSP_only.iDSP/multOp multiplier stage bse_i/byte_statistics_engi_0/inst/byte_statistics_eqcK_U11/byte_statistics_engine_ap_flog_4_full_dsp_32_u/U0/i_synth/LOG_OP.OP/taylor/squarer/gDSP.gDSP_only.iDSP/multOp/P[47:0] is not pipelined (MREG=0). Pipelining the multiplier function will improve performance and will save significant power so it is suggested whenever possible to fully pipeline this function.  If this multiplier was inferred, it is suggested to describe an additional register stage after this function.  If there is no registered adder/accumulator following the multiply function, two pipeline stages are suggested to allow both the MREG and PREG registers to be used.  If the DSP48 was instantiated in the design, it is suggested to set both the MREG and PREG attributes to 1 when performing multiply functions.
Related violations: <none>

DPOP-4#9 Warning
MREG Output pipelining  
DSP bse_i/byte_statistics_engi_0/inst/tmp_1_1_reg_11770_reg multiplier stage bse_i/byte_statistics_engi_0/inst/tmp_1_1_reg_11770_reg/P[47:0] is not pipelined (MREG=0). Pipelining the multiplier function will improve performance and will save significant power so it is suggested whenever possible to fully pipeline this function.  If this multiplier was inferred, it is suggested to describe an additional register stage after this function.  If there is no registered adder/accumulator following the multiply function, two pipeline stages are suggested to allow both the MREG and PREG registers to be used.  If the DSP48 was instantiated in the design, it is suggested to set both the MREG and PREG attributes to 1 when performing multiply functions.
Related violations: <none>

DPOP-4#10 Warning
MREG Output pipelining  
DSP bse_i/byte_statistics_engi_0/inst/tmp_1_2_fu_6748_p2 multiplier stage bse_i/byte_statistics_engi_0/inst/tmp_1_2_fu_6748_p2/P[47:0] is not pipelined (MREG=0). Pipelining the multiplier function will improve performance and will save significant power so it is suggested whenever possible to fully pipeline this function.  If this multiplier was inferred, it is suggested to describe an additional register stage after this function.  If there is no registered adder/accumulator following the multiply function, two pipeline stages are suggested to allow both the MREG and PREG registers to be used.  If the DSP48 was instantiated in the design, it is suggested to set both the MREG and PREG attributes to 1 when performing multiply functions.
Related violations: <none>

DPOP-4#11 Warning
MREG Output pipelining  
DSP bse_i/byte_statistics_engi_0/inst/tmp_1_3_fu_7617_p2 multiplier stage bse_i/byte_statistics_engi_0/inst/tmp_1_3_fu_7617_p2/P[47:0] is not pipelined (MREG=0). Pipelining the multiplier function will improve performance and will save significant power so it is suggested whenever possible to fully pipeline this function.  If this multiplier was inferred, it is suggested to describe an additional register stage after this function.  If there is no registered adder/accumulator following the multiply function, two pipeline stages are suggested to allow both the MREG and PREG registers to be used.  If the DSP48 was instantiated in the design, it is suggested to set both the MREG and PREG attributes to 1 when performing multiply functions.
Related violations: <none>

DPOP-4#12 Warning
MREG Output pipelining  
DSP bse_i/byte_statistics_engi_0/inst/tmp_1_reg_11664_reg multiplier stage bse_i/byte_statistics_engi_0/inst/tmp_1_reg_11664_reg/P[47:0] is not pipelined (MREG=0). Pipelining the multiplier function will improve performance and will save significant power so it is suggested whenever possible to fully pipeline this function.  If this multiplier was inferred, it is suggested to describe an additional register stage after this function.  If there is no registered adder/accumulator following the multiply function, two pipeline stages are suggested to allow both the MREG and PREG registers to be used.  If the DSP48 was instantiated in the design, it is suggested to set both the MREG and PREG attributes to 1 when performing multiply functions.
Related violations: <none>

DPREG-7#1 Warning
DSP48E2_PregDynOpmodeZmuxP:  
The DSP48E2 cell bse_i/byte_statistics_engi_0/inst/byte_statistics_ejbC_U1/byte_statistics_engine_ap_faddfsub_2_full_dsp_32_u/U0/i_synth/ADDSUB_OP.ADDSUB/SPEED_OP.DSP.OP/DSP48E1_BODY.ALIGN_ADD/DSP2/DSP with the given dynamic OPMODE[6:0] connections may lead to an unregistered asynchronous feedback path without the PREG attribute enabled. Please refer to the user guide and if one of the internal P feedback opmodes is possible for this design the PREG attribute must be set to 1, currently set to 0
Related violations: <none>

AVAL-155#1 Advisory
enum_AMULTSEL_BMULTSEL_enum_DREG_ADREG_0_connects_CED_CEAD_RSTD_GND  
bse_i/byte_statistics_engi_0/inst/byte_statistics_ejbC_U1/byte_statistics_engine_ap_faddfsub_2_full_dsp_32_u/U0/i_synth/ADDSUB_OP.ADDSUB/SPEED_OP.DSP.OP/DSP48E1_BODY.NORM_RND/FULL_USAGE_DSP.SHIFT_RND/DSP: DSP48E2 is not using the D port (AMULTSEL = A and BMULTSEL = B). For improved power characteristics, set DREG and ADREG to '1', tie CED, CEAD, and RSTD to logic '0'.
Related violations: <none>

AVAL-155#2 Advisory
enum_AMULTSEL_BMULTSEL_enum_DREG_ADREG_0_connects_CED_CEAD_RSTD_GND  
bse_i/byte_statistics_engi_0/inst/byte_statistics_elbW_U3/byte_statistics_engine_ap_fmul_0_max_dsp_32_u/U0/i_synth/MULT.OP/MULT/DSP48E1_SPD_SGL_VARIANT.FIX_MULT/DSP1/DSP: DSP48E2 is not using the D port (AMULTSEL = A and BMULTSEL = B). For improved power characteristics, set DREG and ADREG to '1', tie CED, CEAD, and RSTD to logic '0'.
Related violations: <none>

AVAL-155#3 Advisory
enum_AMULTSEL_BMULTSEL_enum_DREG_ADREG_0_connects_CED_CEAD_RSTD_GND  
bse_i/byte_statistics_engi_0/inst/byte_statistics_elbW_U3/byte_statistics_engine_ap_fmul_0_max_dsp_32_u/U0/i_synth/MULT.OP/MULT/DSP48E1_SPD_SGL_VARIANT.FIX_MULT/DSP2/DSP: DSP48E2 is not using the D port (AMULTSEL = A and BMULTSEL = B). For improved power characteristics, set DREG and ADREG to '1', tie CED, CEAD, and RSTD to logic '0'.
Related violations: <none>

AVAL-155#4 Advisory
enum_AMULTSEL_BMULTSEL_enum_DREG_ADREG_0_connects_CED_CEAD_RSTD_GND  
bse_i/byte_statistics_engi_0/inst/byte_statistics_elbW_U3/byte_statistics_engine_ap_fmul_0_max_dsp_32_u/U0/i_synth/MULT.OP/R_AND_R/LAT_OPT.FULL.R_AND_R/DSP48E1_SGL_EXP_IP.OLD_ADD.ADD/DSP: DSP48E2 is not using the D port (AMULTSEL = A and BMULTSEL = B). For improved power characteristics, set DREG and ADREG to '1', tie CED, CEAD, and RSTD to logic '0'.
Related violations: <none>

AVAL-155#5 Advisory
enum_AMULTSEL_BMULTSEL_enum_DREG_ADREG_0_connects_CED_CEAD_RSTD_GND  
bse_i/byte_statistics_engi_0/inst/byte_statistics_eqcK_U11/byte_statistics_engine_ap_flog_4_full_dsp_32_u/U0/i_synth/LOG_OP.OP/rr/L_path/g_adders[0].add/dsp.one.dsp48e1_add/DSP: DSP48E2 is not using the D port (AMULTSEL = A and BMULTSEL = B). For improved power characteristics, set DREG and ADREG to '1', tie CED, CEAD, and RSTD to logic '0'.
Related violations: <none>

AVAL-155#6 Advisory
enum_AMULTSEL_BMULTSEL_enum_DREG_ADREG_0_connects_CED_CEAD_RSTD_GND  
bse_i/byte_statistics_engi_0/inst/byte_statistics_eqcK_U11/byte_statistics_engine_ap_flog_4_full_dsp_32_u/U0/i_synth/LOG_OP.OP/rr/L_path/g_adders[1].add/dsp.one.dsp48e1_add/DSP: DSP48E2 is not using the D port (AMULTSEL = A and BMULTSEL = B). For improved power characteristics, set DREG and ADREG to '1', tie CED, CEAD, and RSTD to logic '0'.
Related violations: <none>

AVAL-155#7 Advisory
enum_AMULTSEL_BMULTSEL_enum_DREG_ADREG_0_connects_CED_CEAD_RSTD_GND  
bse_i/byte_statistics_engi_0/inst/byte_statistics_eqcK_U11/byte_statistics_engine_ap_flog_4_full_dsp_32_u/U0/i_synth/LOG_OP.OP/rr/mul/gen_iter[1].rr_mult/other_precision_bez_add.bez_add/dsp.one.dsp48e1_add/DSP: DSP48E2 is not using the D port (AMULTSEL = A and BMULTSEL = B). For improved power characteristics, set DREG and ADREG to '1', tie CED, CEAD, and RSTD to logic '0'.
Related violations: <none>

AVAL-155#8 Advisory
enum_AMULTSEL_BMULTSEL_enum_DREG_ADREG_0_connects_CED_CEAD_RSTD_GND  
bse_i/byte_statistics_engi_0/inst/byte_statistics_eqcK_U11/byte_statistics_engine_ap_flog_4_full_dsp_32_u/U0/i_synth/LOG_OP.OP/rr/mul/gen_iter[1].rr_mult/zi_add_no_combined_adder.other_precision_zi_add.zi_add/dsp.one.dsp48e1_add/DSP: DSP48E2 is not using the D port (AMULTSEL = A and BMULTSEL = B). For improved power characteristics, set DREG and ADREG to '1', tie CED, CEAD, and RSTD to logic '0'.
Related violations: <none>

AVAL-155#9 Advisory
enum_AMULTSEL_BMULTSEL_enum_DREG_ADREG_0_connects_CED_CEAD_RSTD_GND  
bse_i/byte_statistics_engi_0/inst/byte_statistics_eqcK_U11/byte_statistics_engine_ap_flog_4_full_dsp_32_u/U0/i_synth/LOG_OP.OP/rr/mul/gen_iter[2].rr_mult/other_precision_bez_add.bez_add/dsp.one.dsp48e1_add/DSP: DSP48E2 is not using the D port (AMULTSEL = A and BMULTSEL = B). For improved power characteristics, set DREG and ADREG to '1', tie CED, CEAD, and RSTD to logic '0'.
Related violations: <none>

AVAL-155#10 Advisory
enum_AMULTSEL_BMULTSEL_enum_DREG_ADREG_0_connects_CED_CEAD_RSTD_GND  
bse_i/byte_statistics_engi_0/inst/byte_statistics_eqcK_U11/byte_statistics_engine_ap_flog_4_full_dsp_32_u/U0/i_synth/LOG_OP.OP/rr/mul/gen_iter[2].rr_mult/zi_add_no_combined_adder.other_precision_zi_add.zi_add/dsp.one.dsp48e1_add/DSP: DSP48E2 is not using the D port (AMULTSEL = A and BMULTSEL = B). For improved power characteristics, set DREG and ADREG to '1', tie CED, CEAD, and RSTD to logic '0'.
Related violations: <none>

AVAL-155#11 Advisory
enum_AMULTSEL_BMULTSEL_enum_DREG_ADREG_0_connects_CED_CEAD_RSTD_GND  
bse_i/byte_statistics_engi_0/inst/byte_statistics_eqcK_U11/byte_statistics_engine_ap_flog_4_full_dsp_32_u/U0/i_synth/LOG_OP.OP/taylor/gen_combiner_dsp48.addsub_comb/dsp.one.dsp48e1_add/DSP: DSP48E2 is not using the D port (AMULTSEL = A and BMULTSEL = B). For improved power characteristics, set DREG and ADREG to '1', tie CED, CEAD, and RSTD to logic '0'.
Related violations: <none>

AVAL-155#12 Advisory
enum_AMULTSEL_BMULTSEL_enum_DREG_ADREG_0_connects_CED_CEAD_RSTD_GND  
bse_i/byte_statistics_engi_0/inst/byte_statistics_eqcK_U11/byte_statistics_engine_ap_flog_4_full_dsp_32_u/U0/i_synth/LOG_OP.OP/taylor/gen_sum_addsub_dsp48.sum_addsub/dsp.one.dsp48e1_add/DSP: DSP48E2 is not using the D port (AMULTSEL = A and BMULTSEL = B). For improved power characteristics, set DREG and ADREG to '1', tie CED, CEAD, and RSTD to logic '0'.
Related violations: <none>

AVAL-155#13 Advisory
enum_AMULTSEL_BMULTSEL_enum_DREG_ADREG_0_connects_CED_CEAD_RSTD_GND  
bse_i/byte_statistics_engi_0/inst/byte_statistics_eqcK_U11/byte_statistics_engine_ap_flog_4_full_dsp_32_u/U0/i_synth/LOG_OP.OP/taylor/other_precisions_z_plus_L_adder.z_plus_L_adder/dsp.one.dsp48e1_add/DSP: DSP48E2 is not using the D port (AMULTSEL = A and BMULTSEL = B). For improved power characteristics, set DREG and ADREG to '1', tie CED, CEAD, and RSTD to logic '0'.
Related violations: <none>

AVAL-156#1 Advisory
enum_USE_MULT_NONE__enum_DREG_ADREG_0_connects_CED_CEAD_RSTD_GND  
bse_i/byte_statistics_engi_0/inst/byte_statistics_elbW_U3/byte_statistics_engine_ap_fmul_0_max_dsp_32_u/U0/i_synth/MULT.OP/R_AND_R/LAT_OPT.FULL.R_AND_R/DSP48E1_SGL_EXP_IP.OLD_ADD.ADD/DSP: DSP48E2 is not using the Multiplier (USE_MULT = NONE). For improved power characteristics, set DREG and ADREG to '1', tie CED, CEAD, and RSTD to logic '0'.
Related violations: <none>

AVAL-156#2 Advisory
enum_USE_MULT_NONE__enum_DREG_ADREG_0_connects_CED_CEAD_RSTD_GND  
bse_i/byte_statistics_engi_0/inst/byte_statistics_eqcK_U11/byte_statistics_engine_ap_flog_4_full_dsp_32_u/U0/i_synth/LOG_OP.OP/rr/L_path/g_adders[0].add/dsp.one.dsp48e1_add/DSP: DSP48E2 is not using the Multiplier (USE_MULT = NONE). For improved power characteristics, set DREG and ADREG to '1', tie CED, CEAD, and RSTD to logic '0'.
Related violations: <none>

AVAL-156#3 Advisory
enum_USE_MULT_NONE__enum_DREG_ADREG_0_connects_CED_CEAD_RSTD_GND  
bse_i/byte_statistics_engi_0/inst/byte_statistics_eqcK_U11/byte_statistics_engine_ap_flog_4_full_dsp_32_u/U0/i_synth/LOG_OP.OP/rr/L_path/g_adders[1].add/dsp.one.dsp48e1_add/DSP: DSP48E2 is not using the Multiplier (USE_MULT = NONE). For improved power characteristics, set DREG and ADREG to '1', tie CED, CEAD, and RSTD to logic '0'.
Related violations: <none>

AVAL-156#4 Advisory
enum_USE_MULT_NONE__enum_DREG_ADREG_0_connects_CED_CEAD_RSTD_GND  
bse_i/byte_statistics_engi_0/inst/byte_statistics_eqcK_U11/byte_statistics_engine_ap_flog_4_full_dsp_32_u/U0/i_synth/LOG_OP.OP/rr/mul/gen_iter[1].rr_mult/other_precision_bez_add.bez_add/dsp.one.dsp48e1_add/DSP: DSP48E2 is not using the Multiplier (USE_MULT = NONE). For improved power characteristics, set DREG and ADREG to '1', tie CED, CEAD, and RSTD to logic '0'.
Related violations: <none>

AVAL-156#5 Advisory
enum_USE_MULT_NONE__enum_DREG_ADREG_0_connects_CED_CEAD_RSTD_GND  
bse_i/byte_statistics_engi_0/inst/byte_statistics_eqcK_U11/byte_statistics_engine_ap_flog_4_full_dsp_32_u/U0/i_synth/LOG_OP.OP/rr/mul/gen_iter[1].rr_mult/zi_add_no_combined_adder.other_precision_zi_add.zi_add/dsp.one.dsp48e1_add/DSP: DSP48E2 is not using the Multiplier (USE_MULT = NONE). For improved power characteristics, set DREG and ADREG to '1', tie CED, CEAD, and RSTD to logic '0'.
Related violations: <none>

AVAL-156#6 Advisory
enum_USE_MULT_NONE__enum_DREG_ADREG_0_connects_CED_CEAD_RSTD_GND  
bse_i/byte_statistics_engi_0/inst/byte_statistics_eqcK_U11/byte_statistics_engine_ap_flog_4_full_dsp_32_u/U0/i_synth/LOG_OP.OP/rr/mul/gen_iter[2].rr_mult/other_precision_bez_add.bez_add/dsp.one.dsp48e1_add/DSP: DSP48E2 is not using the Multiplier (USE_MULT = NONE). For improved power characteristics, set DREG and ADREG to '1', tie CED, CEAD, and RSTD to logic '0'.
Related violations: <none>

AVAL-156#7 Advisory
enum_USE_MULT_NONE__enum_DREG_ADREG_0_connects_CED_CEAD_RSTD_GND  
bse_i/byte_statistics_engi_0/inst/byte_statistics_eqcK_U11/byte_statistics_engine_ap_flog_4_full_dsp_32_u/U0/i_synth/LOG_OP.OP/rr/mul/gen_iter[2].rr_mult/zi_add_no_combined_adder.other_precision_zi_add.zi_add/dsp.one.dsp48e1_add/DSP: DSP48E2 is not using the Multiplier (USE_MULT = NONE). For improved power characteristics, set DREG and ADREG to '1', tie CED, CEAD, and RSTD to logic '0'.
Related violations: <none>

AVAL-156#8 Advisory
enum_USE_MULT_NONE__enum_DREG_ADREG_0_connects_CED_CEAD_RSTD_GND  
bse_i/byte_statistics_engi_0/inst/byte_statistics_eqcK_U11/byte_statistics_engine_ap_flog_4_full_dsp_32_u/U0/i_synth/LOG_OP.OP/taylor/gen_combiner_dsp48.addsub_comb/dsp.one.dsp48e1_add/DSP: DSP48E2 is not using the Multiplier (USE_MULT = NONE). For improved power characteristics, set DREG and ADREG to '1', tie CED, CEAD, and RSTD to logic '0'.
Related violations: <none>

AVAL-156#9 Advisory
enum_USE_MULT_NONE__enum_DREG_ADREG_0_connects_CED_CEAD_RSTD_GND  
bse_i/byte_statistics_engi_0/inst/byte_statistics_eqcK_U11/byte_statistics_engine_ap_flog_4_full_dsp_32_u/U0/i_synth/LOG_OP.OP/taylor/gen_sum_addsub_dsp48.sum_addsub/dsp.one.dsp48e1_add/DSP: DSP48E2 is not using the Multiplier (USE_MULT = NONE). For improved power characteristics, set DREG and ADREG to '1', tie CED, CEAD, and RSTD to logic '0'.
Related violations: <none>

AVAL-156#10 Advisory
enum_USE_MULT_NONE__enum_DREG_ADREG_0_connects_CED_CEAD_RSTD_GND  
bse_i/byte_statistics_engi_0/inst/byte_statistics_eqcK_U11/byte_statistics_engine_ap_flog_4_full_dsp_32_u/U0/i_synth/LOG_OP.OP/taylor/other_precisions_z_plus_L_adder.z_plus_L_adder/dsp.one.dsp48e1_add/DSP: DSP48E2 is not using the Multiplier (USE_MULT = NONE). For improved power characteristics, set DREG and ADREG to '1', tie CED, CEAD, and RSTD to logic '0'.
Related violations: <none>

REQP-1935#1 Advisory
RAMB36E2_nochange_collision_advisory  
Synchronous clocking is detected for BRAM (bse_i/axi_dma_0/U0/I_PRMRY_DATAMOVER/GEN_MM2S_FULL.I_MM2S_FULL_WRAPPER/GEN_INCLUDE_MM2S_SF.I_RD_SF/I_DATA_FIFO/BLK_MEM.I_SYNC_FIFOGEN_FIFO/xpm_fifo_instance.xpm_fifo_sync_inst/xpm_fifo_base_inst/gen_sdpram.xpm_memory_base_inst/gen_wr_a.gen_word_narrow.mem_reg) in SDP mode with NO_CHANGE write-mode. This is the preferred mode for best power characteristics. However, NO_CHANGE may exhibit address collisions if the same address appears on both read and write ports resulting in unknown or corrupted read data. It is suggested to confirm via simulation that an address collision never occurs and if so it is suggested to try and avoid this situation. If address collisions cannot be avoided, the write-mode may be set to READ_FIRST which guarantees that the read data is the prior contents of the memory at the cost of additional power in the design. See the FPGA Memory Resources User Guide for additional information.
Related violations: <none>

REQP-1935#2 Advisory
RAMB36E2_nochange_collision_advisory  
Synchronous clocking is detected for BRAM (bse_i/axi_dma_0/U0/I_PRMRY_DATAMOVER/GEN_S2MM_FULL.I_S2MM_FULL_WRAPPER/GEN_ENABLE_INDET_BTT_SF.I_INDET_BTT/I_DATA_FIFO/BLK_MEM.I_SYNC_FIFOGEN_FIFO/xpm_fifo_instance.xpm_fifo_sync_inst/xpm_fifo_base_inst/gen_sdpram.xpm_memory_base_inst/gen_wr_a.gen_word_narrow.mem_reg) in SDP mode with NO_CHANGE write-mode. This is the preferred mode for best power characteristics. However, NO_CHANGE may exhibit address collisions if the same address appears on both read and write ports resulting in unknown or corrupted read data. It is suggested to confirm via simulation that an address collision never occurs and if so it is suggested to try and avoid this situation. If address collisions cannot be avoided, the write-mode may be set to READ_FIRST which guarantees that the read data is the prior contents of the memory at the cost of additional power in the design. See the FPGA Memory Resources User Guide for additional information.
Related violations: <none>


