Copyright 1986-2018 Xilinx, Inc. All Rights Reserved.
----------------------------------------------------------------------------------------------
| Tool Version      : Vivado v.2018.3 (win64) Build 2405991 Thu Dec  6 23:38:27 MST 2018
| Date              : Sat Jun 27 09:25:13 2026
| Host              : DESKTOP-6JDSJ0D running 64-bit major release  (build 9200)
| Command           : report_clock_utilization -file bse_wrapper_clock_utilization_routed.rpt
| Design            : bse_wrapper
| Device            : xczu7ev-ffvc1156
| Speed File        : -2  PRODUCTION 1.23 10-29-2018
| Temperature Grade : E
----------------------------------------------------------------------------------------------

Clock Utilization Report

Table of Contents
-----------------
1. Clock Primitive Utilization
2. Global Clock Resources
3. Global Clock Source Details
4. Clock Regions : Clock Primitives
5. Clock Regions : Load Primitives
6. Clock Regions : Global Clock Summary
7. Clock Regions : Routing Resource Utilization
8. Device Cell Placement Summary for Global Clock g0
9. Device Cell Placement Summary for Global Clock g1
10. Device Cell Placement Summary for Global Clock g2
11. Device Cell Placement Summary for Global Clock g3
12. Clock Region Cell Placement per Global Clock: Region X1Y0
13. Clock Region Cell Placement per Global Clock: Region X2Y0
14. Clock Region Cell Placement per Global Clock: Region X1Y1
15. Clock Region Cell Placement per Global Clock: Region X2Y1
16. Clock Region Cell Placement per Global Clock: Region X1Y2
17. Clock Region Cell Placement per Global Clock: Region X2Y2
18. Clock Region Cell Placement per Global Clock: Region X1Y3
19. Clock Region Cell Placement per Global Clock: Region X2Y3
20. Clock Region Cell Placement per Global Clock: Region X0Y4
21. Clock Region Cell Placement per Global Clock: Region X1Y4
22. Clock Region Cell Placement per Global Clock: Region X2Y4

1. Clock Primitive Utilization
------------------------------

+------------+------+-----------+-----+--------------+--------+
| Type       | Used | Available | LOC | Clock Region | Pblock |
+------------+------+-----------+-----+--------------+--------+
| BUFGCE     |    3 |       208 |   0 |            0 |      0 |
| BUFGCE_DIV |    0 |        32 |   0 |            0 |      0 |
| BUFGCTRL   |    0 |        64 |   0 |            0 |      0 |
| BUFG_GT    |    0 |       144 |   0 |            0 |      0 |
| MMCM       |    0 |         8 |   0 |            0 |      0 |
| PLL        |    0 |        16 |   0 |            0 |      0 |
+------------+------+-----------+-----+--------------+--------+


2. Global Clock Resources
-------------------------

+-----------+-----------+-----------------+------------+---------------+--------------+------+-------------------+-------------------+-------------+-----------------+--------------+----------+-------------------------------------------------------------------------------------------------------------------------+------------------------------------------------------------------------------+
| Global Id | Source Id | Driver Type/Pin | Constraint | Site          | Clock Region | Root | Clock Delay Group | Load Clock Region | Clock Loads | Non-Clock Loads | Clock Period | Clock    | Driver Pin                                                                                                              | Net                                                                          |
+-----------+-----------+-----------------+------------+---------------+--------------+------+-------------------+-------------------+-------------+-----------------+--------------+----------+-------------------------------------------------------------------------------------------------------------------------+------------------------------------------------------------------------------+
| g0        | src0      | BUFG_PS/O       | None       | BUFG_PS_X0Y95 | X1Y3         | X1Y2 |                   |                11 |       22818 |               0 |       10.000 | clk_pl_0 | bse_i/zynq_ultra_ps_e_0/inst/buffer_pl_clk_0.PL_CLK_0_BUFG/O                                                            | bse_i/zynq_ultra_ps_e_0/inst/pl_clk0                                         |
| g1        | src1      | BUFGCE/O        | None       | BUFGCE_X1Y86  | X2Y3         | X2Y3 | n/a               |                 5 |           0 |            1022 |          n/a | n/a      | bse_i/byte_statistics_engi_0/inst/p_4_reg_4702[7]_i_1_bufg_place/O                                                      | bse_i/byte_statistics_engi_0/inst/abs_delta_sum_reg_4787                     |
| g2        | src2      | BUFGCE/O        | None       | BUFGCE_X1Y74  | X2Y3         | X2Y3 | n/a               |                 5 |           0 |            1022 |          n/a | n/a      | bse_i/byte_statistics_engi_0/inst/p_4_reg_4702[7]_i_2_bufg_place/O                                                      | bse_i/byte_statistics_engi_0/inst/ap_phi_mux_abs_delta_sum_phi_fu_4791_p41   |
| g3        | src3      | BUFGCE/O        | None       | BUFGCE_X1Y80  | X2Y3         | X2Y3 | n/a               |                 4 |           0 |            1011 |          n/a | n/a      | bse_i/byte_statistics_engi_0/inst/hist_7_V_U/byte_statistics_ebkb_ram_U/p_0353_0_0147_1_3_reg_12108[7]_i_1_bufg_place/O | bse_i/byte_statistics_engi_0/inst/hist_7_V_U/byte_statistics_ebkb_ram_U/E[0] |
+-----------+-----------+-----------------+------------+---------------+--------------+------+-------------------+-------------------+-------------+-----------------+--------------+----------+-------------------------------------------------------------------------------------------------------------------------+------------------------------------------------------------------------------+
* Clock Loads column represents the clock pin loads (pin count)
** Non-Clock Loads column represents the non-clock pin loads (pin count)


3. Global Clock Source Details
------------------------------

+-----------+-----------+-----------------+------------+---------------+--------------+-------------+-----------------+---------------------+--------------+--------------------------------------------------------------------------------------------------------------+-----------------------------------------------------------------------------------------+
| Source Id | Global Id | Driver Type/Pin | Constraint | Site          | Clock Region | Clock Loads | Non-Clock Loads | Source Clock Period | Source Clock | Driver Pin                                                                                                   | Net                                                                                     |
+-----------+-----------+-----------------+------------+---------------+--------------+-------------+-----------------+---------------------+--------------+--------------------------------------------------------------------------------------------------------------+-----------------------------------------------------------------------------------------+
| src0      | g0        | PS8/PLCLK[0]    | None       | PS8_X0Y0      | X0Y1         |           1 |               0 |              10.000 | clk_pl_0     | bse_i/zynq_ultra_ps_e_0/inst/PS8_i/PLCLK[0]                                                                  | bse_i/zynq_ultra_ps_e_0/inst/pl_clk_unbuffered[0]                                       |
| src1      | g1        | LUT2/O          | None       | SLICE_X63Y169 | X1Y2         |           1 |               0 |                     |              | bse_i/byte_statistics_engi_0/inst/p_4_reg_4702[7]_i_1/O                                                      | bse_i/byte_statistics_engi_0/inst/abs_delta_sum_reg_4787_bufg_place                     |
| src2      | g2        | LUT5/O          | None       | SLICE_X58Y165 | X1Y2         |           1 |             656 |                     |              | bse_i/byte_statistics_engi_0/inst/p_4_reg_4702[7]_i_2/O                                                      | bse_i/byte_statistics_engi_0/inst/ap_phi_mux_abs_delta_sum_phi_fu_4791_p41_bufg_place   |
| src3      | g3        | LUT4/O          | None       | SLICE_X61Y165 | X1Y2         |           1 |              12 |                     |              | bse_i/byte_statistics_engi_0/inst/hist_7_V_U/byte_statistics_ebkb_ram_U/p_0353_0_0147_1_3_reg_12108[7]_i_1/O | bse_i/byte_statistics_engi_0/inst/hist_7_V_U/byte_statistics_ebkb_ram_U/E[0]_bufg_place |
+-----------+-----------+-----------------+------------+---------------+--------------+-------------+-----------------+---------------------+--------------+--------------------------------------------------------------------------------------------------------------+-----------------------------------------------------------------------------------------+
* Clock Loads column represents the clock pin loads (pin count)
** Non-Clock Loads column represents the non-clock pin loads (pin count)


4. Clock Regions : Clock Primitives
-----------------------------------

+-------------------+--------------+--------------+--------------+--------------+--------------+--------------+--------------+
|                   | Global Clock |    BUFGCE    |  BUFGCE_DIV  |   BUFGCTRL   |    BUFG_GT   |     MMCM     |      PLL     |
+-------------------+------+-------+------+-------+------+-------+------+-------+------+-------+------+-------+------+-------+
| Clock Region Name | Used | Avail | Used | Avail | Used | Avail | Used | Avail | Used | Avail | Used | Avail | Used | Avail |
+-------------------+------+-------+------+-------+------+-------+------+-------+------+-------+------+-------+------+-------+
| X0Y0              |    0 |     0 |    0 |     0 |    0 |     0 |    0 |     0 |    0 |     0 |    0 |     0 |    0 |     0 |
| X1Y0              |    1 |    24 |    0 |     0 |    0 |     0 |    0 |     0 |    0 |     0 |    0 |     0 |    0 |     0 |
| X2Y0              |    1 |    24 |    0 |    24 |    0 |     4 |    0 |     8 |    0 |     0 |    0 |     1 |    0 |     2 |
| X3Y0              |    0 |    24 |    0 |     0 |    0 |     0 |    0 |     0 |    0 |    24 |    0 |     0 |    0 |     0 |
| X0Y1              |   1* |     0 |    0 |     0 |    0 |     0 |    0 |     0 |    0 |     0 |    0 |     0 |    0 |     0 |
| X1Y1              |    1 |    24 |    0 |     0 |    0 |     0 |    0 |     0 |    0 |     0 |    0 |     0 |    0 |     0 |
| X2Y1              |    1 |    24 |    0 |    24 |    0 |     4 |    0 |     8 |    0 |     0 |    0 |     1 |    0 |     2 |
| X3Y1              |    0 |    24 |    0 |     0 |    0 |     0 |    0 |     0 |    0 |    24 |    0 |     0 |    0 |     0 |
| X0Y2              |    0 |     0 |    0 |     0 |    0 |     0 |    0 |     0 |    0 |     0 |    0 |     0 |    0 |     0 |
| X1Y2              |    4 |    24 |    0 |     0 |    0 |     0 |    0 |     0 |    0 |     0 |    0 |     0 |    0 |     0 |
| X2Y2              |    4 |    24 |    0 |    24 |    0 |     4 |    0 |     8 |    0 |     0 |    0 |     1 |    0 |     2 |
| X3Y2              |    0 |    24 |    0 |     0 |    0 |     0 |    0 |     0 |    0 |    24 |    0 |     0 |    0 |     0 |
| X0Y3              |    0 |     0 |    0 |     0 |    0 |     0 |    0 |     0 |    0 |     0 |    0 |     0 |    0 |     0 |
| X1Y3              |    4 |    24 |    0 |     0 |    0 |     0 |    0 |     0 |    0 |     0 |    0 |     0 |    0 |     0 |
| X2Y3              |    4 |    24 |    3 |    24 |    0 |     4 |    0 |     8 |    0 |     0 |    0 |     1 |    0 |     2 |
| X3Y3              |    0 |    24 |    0 |     0 |    0 |     0 |    0 |     0 |    0 |    24 |    0 |     0 |    0 |     0 |
| X0Y4              |    1 |    24 |    0 |    28 |    0 |     4 |    0 |     8 |    0 |     0 |    0 |     1 |    0 |     2 |
| X1Y4              |    3 |    24 |    0 |     0 |    0 |     0 |    0 |     0 |    0 |     0 |    0 |     0 |    0 |     0 |
| X2Y4              |    2 |    24 |    0 |    24 |    0 |     4 |    0 |     8 |    0 |     0 |    0 |     1 |    0 |     2 |
| X3Y4              |    0 |    24 |    0 |     4 |    0 |     0 |    0 |     0 |    0 |    24 |    0 |     0 |    0 |     0 |
| X0Y5              |    0 |    24 |    0 |    28 |    0 |     4 |    0 |     8 |    0 |     0 |    0 |     1 |    0 |     2 |
| X1Y5              |    0 |    24 |    0 |     0 |    0 |     0 |    0 |     0 |    0 |     0 |    0 |     0 |    0 |     0 |
| X2Y5              |    0 |    24 |    0 |    24 |    0 |     4 |    0 |     8 |    0 |     0 |    0 |     1 |    0 |     2 |
| X3Y5              |    0 |    24 |    0 |     4 |    0 |     0 |    0 |     0 |    0 |    24 |    0 |     0 |    0 |     0 |
+-------------------+------+-------+------+-------+------+-------+------+-------+------+-------+------+-------+------+-------+
* Global Clock column represents track count; while other columns represents cell counts


5. Clock Regions : Load Primitives
----------------------------------

+-------------------+------------------+------------------+------------------+------------------+------------------+------------------+------------------+------------------+
|                   |   Global Clock   |        FF        |      LUTRAM      |  Block RAM (18K) |       URAM       |        DSP       |        GT        |      HARD IP     |
+-------------------+--------+---------+--------+---------+--------+---------+--------+---------+--------+---------+--------+---------+--------+---------+--------+---------+
| Clock Region Name | Used   | Avail   | Used   | Avail   | Used   | Avail   | Used   | Avail   | Used   | Avail   | Used   | Avail   | Used   | Avail   | Used   | Avail   |
+-------------------+--------+---------+--------+---------+--------+---------+--------+---------+--------+---------+--------+---------+--------+---------+--------+---------+
| X0Y0              |      0 |       0 |      0 |       0 |      0 |       0 |      0 |       0 |      0 |       0 |      0 |       0 |      0 |       0 |      0 |       0 |
| X1Y0              |      1 |      24 |   2479 |   17280 |      1 |    4320 |      0 |      24 |      0 |      16 |      0 |      96 |      0 |       0 |      0 |       0 |
| X2Y0              |      1 |      24 |   2122 |   22080 |      0 |    5760 |      0 |      24 |      0 |       0 |      0 |     120 |      0 |       0 |      0 |       0 |
| X3Y0              |      0 |      24 |      0 |   22080 |      0 |    3360 |      0 |      48 |      0 |       0 |      0 |      48 |      0 |       4 |      0 |       1 |
| X0Y1              |     1* |       0 |      0 |       0 |      0 |       0 |      0 |       0 |      0 |       0 |      0 |       0 |      0 |       0 |      0 |       0 |
| X1Y1              |      1 |      24 |   5079 |   17280 |     36 |    4320 |      2 |      24 |      0 |      16 |      0 |      96 |      0 |       0 |      0 |       0 |
| X2Y1              |      1 |      24 |   2648 |   22080 |      0 |    5760 |      0 |      24 |      0 |       0 |      8 |     120 |      0 |       0 |      0 |       0 |
| X3Y1              |      0 |      24 |      0 |   22080 |      0 |    3360 |      0 |      48 |      0 |       0 |      0 |      48 |      0 |       4 |      0 |       1 |
| X0Y2              |      0 |       0 |      0 |       0 |      0 |       0 |      0 |       0 |      0 |       0 |      0 |       0 |      0 |       0 |      0 |       0 |
| X1Y2              |      4 |      24 |   3645 |   17280 |    119 |    4320 |     16 |      24 |      0 |      16 |      2 |      96 |      0 |       0 |      0 |       0 |
| X2Y2              |      4 |      24 |    900 |   22080 |      9 |    5760 |      0 |      24 |      0 |       0 |      4 |     120 |      0 |       0 |      0 |       0 |
| X3Y2              |      0 |      24 |      0 |   22080 |      0 |    3360 |      0 |      48 |      0 |       0 |      0 |      48 |      0 |       4 |      0 |       0 |
| X0Y3              |      0 |       0 |      0 |       0 |      0 |       0 |      0 |       0 |      0 |       0 |      0 |       0 |      0 |       0 |      0 |       0 |
| X1Y3              |      4 |      24 |   3949 |   17280 |     95 |    4320 |      2 |      24 |      0 |      16 |      4 |      96 |      0 |       0 |      0 |       0 |
| X2Y3              |      4 |      24 |     99 |   22080 |      1 |    5760 |      0 |      24 |      0 |       0 |      0 |     120 |      0 |       0 |      0 |       0 |
| X3Y3              |      0 |      24 |      0 |   22080 |      0 |    3360 |      0 |      48 |      0 |       0 |      0 |      48 |      0 |       4 |      0 |       0 |
| X0Y4              |      1 |      24 |   1292 |   40320 |     43 |    9120 |      0 |      24 |      0 |       0 |      0 |      48 |      0 |       0 |      0 |       0 |
| X1Y4              |      3 |      24 |    175 |   23040 |      2 |    5760 |      0 |      24 |      0 |      16 |      0 |     120 |      0 |       0 |      0 |       0 |
| X2Y4              |      2 |      24 |      0 |   22080 |      0 |    5760 |      0 |      24 |      0 |       0 |      0 |     120 |      0 |       0 |      0 |       0 |
| X3Y4              |      0 |      24 |      0 |   22080 |      0 |    3360 |      0 |      48 |      0 |       0 |      0 |      48 |      0 |       4 |      0 |       0 |
| X0Y5              |      0 |      24 |      0 |   40320 |      0 |    9120 |      0 |      24 |      0 |       0 |      0 |      48 |      0 |       0 |      0 |       0 |
| X1Y5              |      0 |      24 |      0 |   23040 |      0 |    5760 |      0 |      24 |      0 |      16 |      0 |     120 |      0 |       0 |      0 |       0 |
| X2Y5              |      0 |      24 |      0 |   22080 |      0 |    5760 |      0 |      24 |      0 |       0 |      0 |     120 |      0 |       0 |      0 |       0 |
| X3Y5              |      0 |      24 |      0 |   22080 |      0 |    3360 |      0 |      48 |      0 |       0 |      0 |      48 |      0 |       4 |      0 |       0 |
+-------------------+--------+---------+--------+---------+--------+---------+--------+---------+--------+---------+--------+---------+--------+---------+--------+---------+
* Global Clock column represents track count; while other columns represents cell counts


6. Clock Regions : Global Clock Summary
---------------------------------------

All Modules
+----+----+----+----+----+
|    | X0 | X1 | X2 | X3 |
+----+----+----+----+----+
| Y5 |  0 |  0 |  0 |  0 |
| Y4 |  1 |  3 |  2 |  0 |
| Y3 |  0 |  4 |  4 |  0 |
| Y2 |  0 |  4 |  4 |  0 |
| Y1 |  0 |  1 |  1 |  0 |
| Y0 |  0 |  1 |  1 |  0 |
+----+----+----+----+----+


7. Clock Regions : Routing Resource Utilization
-----------------------------------------------

All Modules
+-------------------+----------------------+----------------------+----------------------+----------------------+
|                   |        HROUTES       |        HDISTRS       |        VROUTES       |        VDISTRS       |
+-------------------+------+-------+-------+------+-------+-------+------+-------+-------+------+-------+-------+
| Clock Region Name | Used | Avail | Util% | Used | Avail | Util% | Used | Avail | Util% | Used | Avail | Util% |
+-------------------+------+-------+-------+------+-------+-------+------+-------+-------+------+-------+-------+
| X0Y0              |    0 |     0 |  0.00 |    0 |     0 |  0.00 |    0 |     0 |  0.00 |    0 |     0 |  0.00 |
| X1Y0              |    0 |    24 |  0.00 |    1 |    24 |  4.17 |    0 |    24 |  0.00 |    1 |    24 |  4.17 |
| X2Y0              |    0 |    24 |  0.00 |    1 |    24 |  4.17 |    0 |    24 |  0.00 |    0 |    24 |  0.00 |
| X3Y0              |    0 |    24 |  0.00 |    0 |    24 |  0.00 |    0 |    24 |  0.00 |    0 |    24 |  0.00 |
| X0Y1              |    0 |     0 |  0.00 |    0 |     0 |  0.00 |    0 |     0 |  0.00 |    0 |     0 |  0.00 |
| X1Y1              |    0 |    24 |  0.00 |    1 |    24 |  4.17 |    0 |    24 |  0.00 |    1 |    24 |  4.17 |
| X2Y1              |    0 |    24 |  0.00 |    1 |    24 |  4.17 |    0 |    24 |  0.00 |    0 |    24 |  0.00 |
| X3Y1              |    0 |    24 |  0.00 |    0 |    24 |  0.00 |    0 |    24 |  0.00 |    0 |    24 |  0.00 |
| X0Y2              |    0 |     0 |  0.00 |    0 |     0 |  0.00 |    0 |     0 |  0.00 |    0 |     0 |  0.00 |
| X1Y2              |    0 |    24 |  0.00 |    4 |    24 | 16.67 |    1 |    24 |  4.17 |    1 |    24 |  4.17 |
| X2Y2              |    0 |    24 |  0.00 |    4 |    24 | 16.67 |    0 |    24 |  0.00 |    3 |    24 | 12.50 |
| X3Y2              |    0 |    24 |  0.00 |    0 |    24 |  0.00 |    0 |    24 |  0.00 |    0 |    24 |  0.00 |
| X0Y3              |    0 |     0 |  0.00 |    0 |     0 |  0.00 |    0 |     0 |  0.00 |    0 |     0 |  0.00 |
| X1Y3              |    1 |    24 |  4.17 |    4 |    24 | 16.67 |    1 |    24 |  4.17 |    1 |    24 |  4.17 |
| X2Y3              |    0 |    24 |  0.00 |    4 |    24 | 16.67 |    0 |    24 |  0.00 |    3 |    24 | 12.50 |
| X3Y3              |    0 |    24 |  0.00 |    0 |    24 |  0.00 |    0 |    24 |  0.00 |    0 |    24 |  0.00 |
| X0Y4              |    0 |    24 |  0.00 |    1 |    24 |  4.17 |    0 |    24 |  0.00 |    0 |    24 |  0.00 |
| X1Y4              |    0 |    24 |  0.00 |    3 |    24 | 12.50 |    0 |    24 |  0.00 |    0 |    24 |  0.00 |
| X2Y4              |    0 |    24 |  0.00 |    2 |    24 |  8.33 |    0 |    24 |  0.00 |    0 |    24 |  0.00 |
| X3Y4              |    0 |    24 |  0.00 |    0 |    24 |  0.00 |    0 |    24 |  0.00 |    0 |    24 |  0.00 |
| X0Y5              |    0 |    24 |  0.00 |    0 |    24 |  0.00 |    0 |    24 |  0.00 |    0 |    24 |  0.00 |
| X1Y5              |    0 |    24 |  0.00 |    0 |    24 |  0.00 |    0 |    24 |  0.00 |    0 |    24 |  0.00 |
| X2Y5              |    0 |    24 |  0.00 |    0 |    24 |  0.00 |    0 |    24 |  0.00 |    0 |    24 |  0.00 |
| X3Y5              |    0 |    24 |  0.00 |    0 |    24 |  0.00 |    0 |    24 |  0.00 |    0 |    24 |  0.00 |
+-------------------+------+-------+-------+------+-------+-------+------+-------+-------+------+-------+-------+


8. Device Cell Placement Summary for Global Clock g0
----------------------------------------------------

+-----------+-----------------+-------------------+----------+-------------+---------------+----------+-------------+----------+----------------+----------+--------------------------------------+
| Global Id | Driver Type/Pin | Driver Region (D) | Clock    | Period (ns) | Waveform (ns) | Root (R) | Slice Loads | IO Loads | Clocking Loads | GT Loads | Net                                  |
+-----------+-----------------+-------------------+----------+-------------+---------------+----------+-------------+----------+----------------+----------+--------------------------------------+
| g0        | BUFG_PS/O       | X1Y3              | clk_pl_0 |      10.000 | {0.000 5.000} | X1Y2     |       22723 |        0 |              0 |        0 | bse_i/zynq_ultra_ps_e_0/inst/pl_clk0 |
+-----------+-----------------+-------------------+----------+-------------+---------------+----------+-------------+----------+----------------+----------+--------------------------------------+
* Logic Loads column represents load cell count of all cell types other than IO, GT and clock resources
** IO Loads column represents load cell count of IO types
*** Clocking Loads column represents load cell count that are clock resources (global clock buffer, MMCM, PLL, etc)
**** GT Loads column represents load cell count of GT types


+----+-------+-----------+-------+----+
|    | X0    | X1        | X2    | X3 |
+----+-------+-----------+-------+----+
| Y5 |     0 |         0 |     0 |  0 |
| Y4 |  1335 |       177 |     0 |  0 |
| Y3 |     0 |  (D) 4049 |   100 |  0 |
| Y2 |     0 |  (R) 3774 |   913 |  0 |
| Y1 |     1 |      5116 |  2656 |  0 |
| Y0 |     0 |      2480 |  2122 |  0 |
+----+-------+-----------+-------+----+


9. Device Cell Placement Summary for Global Clock g1
----------------------------------------------------

+-----------+-----------------+-------------------+-------+-------------+---------------+----------+-------------+----------+----------------+----------+----------------------------------------------------------+
| Global Id | Driver Type/Pin | Driver Region (D) | Clock | Period (ns) | Waveform (ns) | Root (R) | Slice Loads | IO Loads | Clocking Loads | GT Loads | Net                                                      |
+-----------+-----------------+-------------------+-------+-------------+---------------+----------+-------------+----------+----------------+----------+----------------------------------------------------------+
| g1        | BUFGCE/O        | X2Y3              |       |             |               | X2Y3     |        1022 |        0 |              0 |        0 | bse_i/byte_statistics_engi_0/inst/abs_delta_sum_reg_4787 |
+-----------+-----------------+-------------------+-------+-------------+---------------+----------+-------------+----------+----------------+----------+----------------------------------------------------------+
* Logic Loads column represents load cell count of all cell types other than IO, GT and clock resources
** IO Loads column represents load cell count of IO types
*** Clocking Loads column represents load cell count that are clock resources (global clock buffer, MMCM, PLL, etc)
**** GT Loads column represents load cell count of GT types


+----+----+------+------------+----+
|    | X0 | X1   | X2         | X3 |
+----+----+------+------------+----+
| Y5 |  0 |    0 |          0 |  0 |
| Y4 |  0 |   10 |          0 |  0 |
| Y3 |  0 |  726 | (R) (D) 20 |  0 |
| Y2 |  0 |  243 |         23 |  0 |
| Y1 |  0 |    0 |          0 |  0 |
| Y0 |  0 |    0 |          0 |  0 |
+----+----+------+------------+----+


10. Device Cell Placement Summary for Global Clock g2
-----------------------------------------------------

+-----------+-----------------+-------------------+-------+-------------+---------------+----------+-------------+----------+----------------+----------+----------------------------------------------------------------------------+
| Global Id | Driver Type/Pin | Driver Region (D) | Clock | Period (ns) | Waveform (ns) | Root (R) | Slice Loads | IO Loads | Clocking Loads | GT Loads | Net                                                                        |
+-----------+-----------------+-------------------+-------+-------------+---------------+----------+-------------+----------+----------------+----------+----------------------------------------------------------------------------+
| g2        | BUFGCE/O        | X2Y3              |       |             |               | X2Y3     |        1022 |        0 |              0 |        0 | bse_i/byte_statistics_engi_0/inst/ap_phi_mux_abs_delta_sum_phi_fu_4791_p41 |
+-----------+-----------------+-------------------+-------+-------------+---------------+----------+-------------+----------+----------------+----------+----------------------------------------------------------------------------+
* Logic Loads column represents load cell count of all cell types other than IO, GT and clock resources
** IO Loads column represents load cell count of IO types
*** Clocking Loads column represents load cell count that are clock resources (global clock buffer, MMCM, PLL, etc)
**** GT Loads column represents load cell count of GT types


+----+----+------+------------+----+
|    | X0 | X1   | X2         | X3 |
+----+----+------+------------+----+
| Y5 |  0 |    0 |          0 |  0 |
| Y4 |  0 |   10 |          0 |  0 |
| Y3 |  0 |  726 | (R) (D) 20 |  0 |
| Y2 |  0 |  243 |         23 |  0 |
| Y1 |  0 |    0 |          0 |  0 |
| Y0 |  0 |    0 |          0 |  0 |
+----+----+------+------------+----+


11. Device Cell Placement Summary for Global Clock g3
-----------------------------------------------------

+-----------+-----------------+-------------------+-------+-------------+---------------+----------+-------------+----------+----------------+----------+------------------------------------------------------------------------------+
| Global Id | Driver Type/Pin | Driver Region (D) | Clock | Period (ns) | Waveform (ns) | Root (R) | Slice Loads | IO Loads | Clocking Loads | GT Loads | Net                                                                          |
+-----------+-----------------+-------------------+-------+-------------+---------------+----------+-------------+----------+----------------+----------+------------------------------------------------------------------------------+
| g3        | BUFGCE/O        | X2Y3              |       |             |               | X2Y3     |        1011 |        0 |              0 |        0 | bse_i/byte_statistics_engi_0/inst/hist_7_V_U/byte_statistics_ebkb_ram_U/E[0] |
+-----------+-----------------+-------------------+-------+-------------+---------------+----------+-------------+----------+----------------+----------+------------------------------------------------------------------------------+
* Logic Loads column represents load cell count of all cell types other than IO, GT and clock resources
** IO Loads column represents load cell count of IO types
*** Clocking Loads column represents load cell count that are clock resources (global clock buffer, MMCM, PLL, etc)
**** GT Loads column represents load cell count of GT types


+----+----+------+------------+----+
|    | X0 | X1   | X2         | X3 |
+----+----+------+------------+----+
| Y5 |  0 |    0 |          0 |  0 |
| Y4 |  0 |    0 |          0 |  0 |
| Y3 |  0 |  730 | (R) (D) 22 |  0 |
| Y2 |  0 |  236 |         23 |  0 |
| Y1 |  0 |    0 |          0 |  0 |
| Y0 |  0 |    0 |          0 |  0 |
+----+----+------+------------+----+


12. Clock Region Cell Placement per Global Clock: Region X1Y0
-------------------------------------------------------------

+-----------+-------+-----------------+------------+-------------+-----------------+------+--------+------+------+-----+----+------+-----+---------+--------------------------------------+
| Global Id | Track | Driver Type/Pin | Constraint | Clock Loads | Non-Clock Loads | FF   | LUTRAM | RAMB | URAM | DSP | GT | MMCM | PLL | Hard IP | Net                                  |
+-----------+-------+-----------------+------------+-------------+-----------------+------+--------+------+------+-----+----+------+-----+---------+--------------------------------------+
| g0        | 23    | BUFG_PS/O       | None       |        2480 |               0 | 2479 |      1 |    0 |    0 |   0 |  0 |    0 |   0 |       0 | bse_i/zynq_ultra_ps_e_0/inst/pl_clk0 |
+-----------+-------+-----------------+------------+-------------+-----------------+------+--------+------+------+-----+----+------+-----+---------+--------------------------------------+
* Clock Loads column represents the clock pin loads (pin count)
** Non-Clock Loads column represents the non-clock pin loads (pin count)
*** Columns FF, LUTRAM, RAMB through 'Hard IP' represents load cell counts


13. Clock Region Cell Placement per Global Clock: Region X2Y0
-------------------------------------------------------------

+-----------+-------+-----------------+------------+-------------+-----------------+------+--------+------+------+-----+----+------+-----+---------+--------------------------------------+
| Global Id | Track | Driver Type/Pin | Constraint | Clock Loads | Non-Clock Loads | FF   | LUTRAM | RAMB | URAM | DSP | GT | MMCM | PLL | Hard IP | Net                                  |
+-----------+-------+-----------------+------------+-------------+-----------------+------+--------+------+------+-----+----+------+-----+---------+--------------------------------------+
| g0        | 23    | BUFG_PS/O       | None       |        2122 |               0 | 2122 |      0 |    0 |    0 |   0 |  0 |    0 |   0 |       0 | bse_i/zynq_ultra_ps_e_0/inst/pl_clk0 |
+-----------+-------+-----------------+------------+-------------+-----------------+------+--------+------+------+-----+----+------+-----+---------+--------------------------------------+
* Clock Loads column represents the clock pin loads (pin count)
** Non-Clock Loads column represents the non-clock pin loads (pin count)
*** Columns FF, LUTRAM, RAMB through 'Hard IP' represents load cell counts


14. Clock Region Cell Placement per Global Clock: Region X1Y1
-------------------------------------------------------------

+-----------+-------+-----------------+------------+-------------+-----------------+------+--------+------+------+-----+----+------+-----+---------+--------------------------------------+
| Global Id | Track | Driver Type/Pin | Constraint | Clock Loads | Non-Clock Loads | FF   | LUTRAM | RAMB | URAM | DSP | GT | MMCM | PLL | Hard IP | Net                                  |
+-----------+-------+-----------------+------------+-------------+-----------------+------+--------+------+------+-----+----+------+-----+---------+--------------------------------------+
| g0        | 23    | BUFG_PS/O       | None       |        5116 |               0 | 5079 |     36 |    1 |    0 |   0 |  0 |    0 |   0 |       0 | bse_i/zynq_ultra_ps_e_0/inst/pl_clk0 |
+-----------+-------+-----------------+------------+-------------+-----------------+------+--------+------+------+-----+----+------+-----+---------+--------------------------------------+
* Clock Loads column represents the clock pin loads (pin count)
** Non-Clock Loads column represents the non-clock pin loads (pin count)
*** Columns FF, LUTRAM, RAMB through 'Hard IP' represents load cell counts


15. Clock Region Cell Placement per Global Clock: Region X2Y1
-------------------------------------------------------------

+-----------+-------+-----------------+------------+-------------+-----------------+------+--------+------+------+-----+----+------+-----+---------+--------------------------------------+
| Global Id | Track | Driver Type/Pin | Constraint | Clock Loads | Non-Clock Loads | FF   | LUTRAM | RAMB | URAM | DSP | GT | MMCM | PLL | Hard IP | Net                                  |
+-----------+-------+-----------------+------------+-------------+-----------------+------+--------+------+------+-----+----+------+-----+---------+--------------------------------------+
| g0        | 23    | BUFG_PS/O       | None       |        2656 |               0 | 2648 |      0 |    0 |    0 |   8 |  0 |    0 |   0 |       0 | bse_i/zynq_ultra_ps_e_0/inst/pl_clk0 |
+-----------+-------+-----------------+------------+-------------+-----------------+------+--------+------+------+-----+----+------+-----+---------+--------------------------------------+
* Clock Loads column represents the clock pin loads (pin count)
** Non-Clock Loads column represents the non-clock pin loads (pin count)
*** Columns FF, LUTRAM, RAMB through 'Hard IP' represents load cell counts


16. Clock Region Cell Placement per Global Clock: Region X1Y2
-------------------------------------------------------------

+-----------+-------+-----------------+------------+-------------+-----------------+------+--------+------+------+-----+----+------+-----+---------+------------------------------------------------------------------------------+
| Global Id | Track | Driver Type/Pin | Constraint | Clock Loads | Non-Clock Loads | FF   | LUTRAM | RAMB | URAM | DSP | GT | MMCM | PLL | Hard IP | Net                                                                          |
+-----------+-------+-----------------+------------+-------------+-----------------+------+--------+------+------+-----+----+------+-----+---------+------------------------------------------------------------------------------+
| g0        | 23    | BUFG_PS/O       | None       |        3774 |               0 | 3645 |    119 |    8 |    0 |   2 |  0 |    0 |   0 |       0 | bse_i/zynq_ultra_ps_e_0/inst/pl_clk0                                         |
| g1        | 14    | BUFGCE/O        | None       |           0 |             243 |  243 |      0 |    0 |    0 |   0 |  0 |    0 |   0 |       0 | bse_i/byte_statistics_engi_0/inst/abs_delta_sum_reg_4787                     |
| g2        | 2     | BUFGCE/O        | None       |           0 |             243 |  243 |      0 |    0 |    0 |   0 |  0 |    0 |   0 |       0 | bse_i/byte_statistics_engi_0/inst/ap_phi_mux_abs_delta_sum_phi_fu_4791_p41   |
| g3        | 8     | BUFGCE/O        | None       |           0 |             236 |  236 |      0 |    0 |    0 |   0 |  0 |    0 |   0 |       0 | bse_i/byte_statistics_engi_0/inst/hist_7_V_U/byte_statistics_ebkb_ram_U/E[0] |
+-----------+-------+-----------------+------------+-------------+-----------------+------+--------+------+------+-----+----+------+-----+---------+------------------------------------------------------------------------------+
* Clock Loads column represents the clock pin loads (pin count)
** Non-Clock Loads column represents the non-clock pin loads (pin count)
*** Columns FF, LUTRAM, RAMB through 'Hard IP' represents load cell counts


17. Clock Region Cell Placement per Global Clock: Region X2Y2
-------------------------------------------------------------

+-----------+-------+-----------------+------------+-------------+-----------------+-----+--------+------+------+-----+----+------+-----+---------+------------------------------------------------------------------------------+
| Global Id | Track | Driver Type/Pin | Constraint | Clock Loads | Non-Clock Loads | FF  | LUTRAM | RAMB | URAM | DSP | GT | MMCM | PLL | Hard IP | Net                                                                          |
+-----------+-------+-----------------+------------+-------------+-----------------+-----+--------+------+------+-----+----+------+-----+---------+------------------------------------------------------------------------------+
| g0        | 23    | BUFG_PS/O       | None       |         913 |               0 | 900 |      9 |    0 |    0 |   4 |  0 |    0 |   0 |       0 | bse_i/zynq_ultra_ps_e_0/inst/pl_clk0                                         |
| g1        | 14    | BUFGCE/O        | None       |           0 |              23 |  23 |      0 |    0 |    0 |   0 |  0 |    0 |   0 |       0 | bse_i/byte_statistics_engi_0/inst/abs_delta_sum_reg_4787                     |
| g2        | 2     | BUFGCE/O        | None       |           0 |              23 |  23 |      0 |    0 |    0 |   0 |  0 |    0 |   0 |       0 | bse_i/byte_statistics_engi_0/inst/ap_phi_mux_abs_delta_sum_phi_fu_4791_p41   |
| g3        | 8     | BUFGCE/O        | None       |           0 |              23 |  23 |      0 |    0 |    0 |   0 |  0 |    0 |   0 |       0 | bse_i/byte_statistics_engi_0/inst/hist_7_V_U/byte_statistics_ebkb_ram_U/E[0] |
+-----------+-------+-----------------+------------+-------------+-----------------+-----+--------+------+------+-----+----+------+-----+---------+------------------------------------------------------------------------------+
* Clock Loads column represents the clock pin loads (pin count)
** Non-Clock Loads column represents the non-clock pin loads (pin count)
*** Columns FF, LUTRAM, RAMB through 'Hard IP' represents load cell counts


18. Clock Region Cell Placement per Global Clock: Region X1Y3
-------------------------------------------------------------

+-----------+-------+-----------------+------------+-------------+-----------------+------+--------+------+------+-----+----+------+-----+---------+------------------------------------------------------------------------------+
| Global Id | Track | Driver Type/Pin | Constraint | Clock Loads | Non-Clock Loads | FF   | LUTRAM | RAMB | URAM | DSP | GT | MMCM | PLL | Hard IP | Net                                                                          |
+-----------+-------+-----------------+------------+-------------+-----------------+------+--------+------+------+-----+----+------+-----+---------+------------------------------------------------------------------------------+
| g0        | 23    | BUFG_PS/O       | None       |        4049 |               0 | 3949 |     95 |    1 |    0 |   4 |  0 |    0 |   0 |       0 | bse_i/zynq_ultra_ps_e_0/inst/pl_clk0                                         |
| g1        | 14    | BUFGCE/O        | None       |           0 |             726 |  726 |      0 |    0 |    0 |   0 |  0 |    0 |   0 |       0 | bse_i/byte_statistics_engi_0/inst/abs_delta_sum_reg_4787                     |
| g2        | 2     | BUFGCE/O        | None       |           0 |             726 |  726 |      0 |    0 |    0 |   0 |  0 |    0 |   0 |       0 | bse_i/byte_statistics_engi_0/inst/ap_phi_mux_abs_delta_sum_phi_fu_4791_p41   |
| g3        | 8     | BUFGCE/O        | None       |           0 |             730 |  730 |      0 |    0 |    0 |   0 |  0 |    0 |   0 |       0 | bse_i/byte_statistics_engi_0/inst/hist_7_V_U/byte_statistics_ebkb_ram_U/E[0] |
+-----------+-------+-----------------+------------+-------------+-----------------+------+--------+------+------+-----+----+------+-----+---------+------------------------------------------------------------------------------+
* Clock Loads column represents the clock pin loads (pin count)
** Non-Clock Loads column represents the non-clock pin loads (pin count)
*** Columns FF, LUTRAM, RAMB through 'Hard IP' represents load cell counts


19. Clock Region Cell Placement per Global Clock: Region X2Y3
-------------------------------------------------------------

+-----------+-------+-----------------+------------+-------------+-----------------+----+--------+------+------+-----+----+------+-----+---------+------------------------------------------------------------------------------+
| Global Id | Track | Driver Type/Pin | Constraint | Clock Loads | Non-Clock Loads | FF | LUTRAM | RAMB | URAM | DSP | GT | MMCM | PLL | Hard IP | Net                                                                          |
+-----------+-------+-----------------+------------+-------------+-----------------+----+--------+------+------+-----+----+------+-----+---------+------------------------------------------------------------------------------+
| g0        | 23    | BUFG_PS/O       | None       |         100 |               0 | 99 |      1 |    0 |    0 |   0 |  0 |    0 |   0 |       0 | bse_i/zynq_ultra_ps_e_0/inst/pl_clk0                                         |
| g1        | 14    | BUFGCE/O        | None       |           0 |              20 | 20 |      0 |    0 |    0 |   0 |  0 |    0 |   0 |       0 | bse_i/byte_statistics_engi_0/inst/abs_delta_sum_reg_4787                     |
| g2        | 2     | BUFGCE/O        | None       |           0 |              20 | 20 |      0 |    0 |    0 |   0 |  0 |    0 |   0 |       0 | bse_i/byte_statistics_engi_0/inst/ap_phi_mux_abs_delta_sum_phi_fu_4791_p41   |
| g3        | 8     | BUFGCE/O        | None       |           0 |              22 | 22 |      0 |    0 |    0 |   0 |  0 |    0 |   0 |       0 | bse_i/byte_statistics_engi_0/inst/hist_7_V_U/byte_statistics_ebkb_ram_U/E[0] |
+-----------+-------+-----------------+------------+-------------+-----------------+----+--------+------+------+-----+----+------+-----+---------+------------------------------------------------------------------------------+
* Clock Loads column represents the clock pin loads (pin count)
** Non-Clock Loads column represents the non-clock pin loads (pin count)
*** Columns FF, LUTRAM, RAMB through 'Hard IP' represents load cell counts


20. Clock Region Cell Placement per Global Clock: Region X0Y4
-------------------------------------------------------------

+-----------+-------+-----------------+------------+-------------+-----------------+------+--------+------+------+-----+----+------+-----+---------+--------------------------------------+
| Global Id | Track | Driver Type/Pin | Constraint | Clock Loads | Non-Clock Loads | FF   | LUTRAM | RAMB | URAM | DSP | GT | MMCM | PLL | Hard IP | Net                                  |
+-----------+-------+-----------------+------------+-------------+-----------------+------+--------+------+------+-----+----+------+-----+---------+--------------------------------------+
| g0        | 23    | BUFG_PS/O       | None       |        1335 |               0 | 1292 |     43 |    0 |    0 |   0 |  0 |    0 |   0 |       0 | bse_i/zynq_ultra_ps_e_0/inst/pl_clk0 |
+-----------+-------+-----------------+------------+-------------+-----------------+------+--------+------+------+-----+----+------+-----+---------+--------------------------------------+
* Clock Loads column represents the clock pin loads (pin count)
** Non-Clock Loads column represents the non-clock pin loads (pin count)
*** Columns FF, LUTRAM, RAMB through 'Hard IP' represents load cell counts


21. Clock Region Cell Placement per Global Clock: Region X1Y4
-------------------------------------------------------------

+-----------+-------+-----------------+------------+-------------+-----------------+-----+--------+------+------+-----+----+------+-----+---------+----------------------------------------------------------------------------+
| Global Id | Track | Driver Type/Pin | Constraint | Clock Loads | Non-Clock Loads | FF  | LUTRAM | RAMB | URAM | DSP | GT | MMCM | PLL | Hard IP | Net                                                                        |
+-----------+-------+-----------------+------------+-------------+-----------------+-----+--------+------+------+-----+----+------+-----+---------+----------------------------------------------------------------------------+
| g0        | 23    | BUFG_PS/O       | None       |         177 |               0 | 175 |      2 |    0 |    0 |   0 |  0 |    0 |   0 |       0 | bse_i/zynq_ultra_ps_e_0/inst/pl_clk0                                       |
| g1        | 14    | BUFGCE/O        | None       |           0 |              10 |  10 |      0 |    0 |    0 |   0 |  0 |    0 |   0 |       0 | bse_i/byte_statistics_engi_0/inst/abs_delta_sum_reg_4787                   |
| g2        | 2     | BUFGCE/O        | None       |           0 |              10 |  10 |      0 |    0 |    0 |   0 |  0 |    0 |   0 |       0 | bse_i/byte_statistics_engi_0/inst/ap_phi_mux_abs_delta_sum_phi_fu_4791_p41 |
+-----------+-------+-----------------+------------+-------------+-----------------+-----+--------+------+------+-----+----+------+-----+---------+----------------------------------------------------------------------------+
* Clock Loads column represents the clock pin loads (pin count)
** Non-Clock Loads column represents the non-clock pin loads (pin count)
*** Columns FF, LUTRAM, RAMB through 'Hard IP' represents load cell counts


22. Clock Region Cell Placement per Global Clock: Region X2Y4
-------------------------------------------------------------

+-----------+-------+-----------------+------------+-------------+-----------------+----+--------+------+------+-----+----+------+-----+---------+----------------------------------------------------------------------------+
| Global Id | Track | Driver Type/Pin | Constraint | Clock Loads | Non-Clock Loads | FF | LUTRAM | RAMB | URAM | DSP | GT | MMCM | PLL | Hard IP | Net                                                                        |
+-----------+-------+-----------------+------------+-------------+-----------------+----+--------+------+------+-----+----+------+-----+---------+----------------------------------------------------------------------------+
| g1+       | 14    | BUFGCE/O        | None       |           0 |               0 |  0 |      0 |    0 |    0 |   0 |  0 |    0 |   0 |       0 | bse_i/byte_statistics_engi_0/inst/abs_delta_sum_reg_4787                   |
| g2+       | 2     | BUFGCE/O        | None       |           0 |               0 |  0 |      0 |    0 |    0 |   0 |  0 |    0 |   0 |       0 | bse_i/byte_statistics_engi_0/inst/ap_phi_mux_abs_delta_sum_phi_fu_4791_p41 |
+-----------+-------+-----------------+------------+-------------+-----------------+----+--------+------+------+-----+----+------+-----+---------+----------------------------------------------------------------------------+
* Clock Loads column represents the clock pin loads (pin count)
** Non-Clock Loads column represents the non-clock pin loads (pin count)
*** Columns FF, LUTRAM, RAMB through 'Hard IP' represents load cell counts
**** In Global Id column, sympbol '+' indicates that global clock was used only to route through the clock region.


