Copyright 1986-2018 Xilinx, Inc. All Rights Reserved.
-------------------------------------------------------------------------------------------------------------------------------------------------------
| Tool Version     : Vivado v.2018.3 (win64) Build 2405991 Thu Dec  6 23:38:27 MST 2018
| Date             : Sat Jun 27 09:25:04 2026
| Host             : DESKTOP-6JDSJ0D running 64-bit major release  (build 9200)
| Command          : report_power -file bse_wrapper_power_routed.rpt -pb bse_wrapper_power_summary_routed.pb -rpx bse_wrapper_power_routed.rpx
| Design           : bse_wrapper
| Device           : xczu7ev-ffvc1156-2-e
| Design State     : routed
| Grade            : extended
| Process          : typical
| Characterization : Production
-------------------------------------------------------------------------------------------------------------------------------------------------------

Power Report

Table of Contents
-----------------
1. Summary
1.1 On-Chip Components
1.2 Power Supply Summary
1.3 Confidence Level
2. Settings
2.1 Environment
2.2 Clock Constraints
3. Detailed Reports
3.1 By Hierarchy

1. Summary
----------

+--------------------------+--------------+
| Total On-Chip Power (W)  | 3.579        |
| Design Power Budget (W)  | Unspecified* |
| Power Budget Margin (W)  | NA           |
| Dynamic (W)              | 2.886        |
| Device Static (W)        | 0.693        |
| Effective TJA (C/W)      | 1.0          |
| Max Ambient (C)          | 96.5         |
| Junction Temperature (C) | 28.5         |
| Confidence Level         | Medium       |
| Setting File             | ---          |
| Simulation Activity File | ---          |
| Design Nets Matched      | NA           |
+--------------------------+--------------+
* Specify Design Power Budget using, set_operating_conditions -design_power_budget <value in Watts>


1.1 On-Chip Components
----------------------

+--------------------------+-----------+----------+-----------+-----------------+
| On-Chip                  | Power (W) | Used     | Available | Utilization (%) |
+--------------------------+-----------+----------+-----------+-----------------+
| Clocks                   |     0.052 |        3 |       --- |             --- |
| CLB Logic                |     0.069 |    45262 |       --- |             --- |
|   LUT as Logic           |     0.042 |    15127 |    230400 |            6.57 |
|   LUT as Distributed RAM |     0.020 |      658 |    101760 |            0.65 |
|   CARRY8                 |     0.003 |      555 |     28800 |            1.93 |
|   Register               |     0.002 |    22388 |    460800 |            4.86 |
|   LUT as Shift Register  |     0.002 |      252 |    101760 |            0.25 |
|   BUFG                   |    <0.001 |        3 |        64 |            4.69 |
|   Others                 |     0.000 |     1422 |       --- |             --- |
|   F7/F8 Muxes            |     0.000 |     1666 |    230400 |            0.72 |
| Signals                  |     0.063 |    34689 |       --- |             --- |
| Block RAM                |     0.012 |       10 |       312 |            3.21 |
| DSPs                     |     0.013 |       22 |      1728 |            1.27 |
| PS8                      |     2.676 |        1 |       --- |             --- |
| Static Power             |     0.693 |          |           |                 |
|   PS Static              |     0.099 |          |           |                 |
|   PL Static              |     0.594 |          |           |                 |
| Total                    |     3.579 |          |           |                 |
+--------------------------+-----------+----------+-----------+-----------------+


1.2 Power Supply Summary
------------------------

+-----------------+-------------+-----------+-------------+------------+
| Source          | Voltage (V) | Total (A) | Dynamic (A) | Static (A) |
+-----------------+-------------+-----------+-------------+------------+
| Vccint          |       0.850 |     0.397 |       0.245 |      0.152 |
| Vccint_io       |       0.850 |     0.071 |       0.000 |      0.071 |
| Vccbram         |       0.850 |     0.004 |       0.002 |      0.002 |
| Vccaux          |       1.800 |     0.147 |       0.000 |      0.147 |
| Vccaux_io       |       1.800 |     0.055 |       0.000 |      0.055 |
| Vcco33          |       3.300 |     0.000 |       0.000 |      0.000 |
| Vcco25          |       2.500 |     0.000 |       0.000 |      0.000 |
| Vcco18          |       1.800 |     0.000 |       0.000 |      0.000 |
| Vcco15          |       1.500 |     0.000 |       0.000 |      0.000 |
| Vcco135         |       1.350 |     0.000 |       0.000 |      0.000 |
| Vcco12          |       1.200 |     0.000 |       0.000 |      0.000 |
| Vcco10          |       1.000 |     0.000 |       0.000 |      0.000 |
| Vccadc          |       1.800 |     0.008 |       0.000 |      0.008 |
| VCC_PSINTFP     |       0.850 |     1.069 |       1.034 |      0.035 |
| VCC_PSINTLP     |       0.850 |     0.275 |       0.268 |      0.007 |
| VPS_MGTRAVCC    |       0.850 |     0.139 |       0.138 |      0.001 |
| VCC_PSINTFP_DDR |       0.850 |     0.690 |       0.685 |      0.004 |
| VCC_PSPLL       |       1.200 |     0.073 |       0.071 |      0.002 |
| VPS_MGTRAVTT    |       1.800 |     0.034 |       0.033 |      0.001 |
| VCCO_PSDDR_504  |       1.200 |     0.620 |       0.586 |      0.034 |
| VCC_PSAUX       |       1.800 |     0.002 |       0.000 |      0.002 |
| VCC_PSBATT      |       1.200 |     0.000 |       0.000 |      0.000 |
| VCC_PSDDR_PLL   |       1.800 |     0.012 |       0.011 |      0.001 |
| VCCO_PSIO0_500  |       1.800 |     0.001 |       0.000 |      0.001 |
| VCCO_PSIO1_501  |       1.800 |     0.001 |       0.000 |      0.001 |
| VCCO_PSIO2_502  |       1.800 |     0.001 |       0.000 |      0.001 |
| VCCO_PSIO3_503  |       3.300 |     0.001 |       0.000 |      0.001 |
| VCC_PSADC       |       1.800 |     0.002 |       0.000 |      0.002 |
| VCCINT_VCU      |       0.900 |     0.027 |       0.000 |      0.027 |
| MGTAVcc         |       0.900 |     0.000 |       0.000 |      0.000 |
| MGTAVtt         |       1.200 |     0.000 |       0.000 |      0.000 |
| MGTVccaux       |       1.800 |     0.000 |       0.000 |      0.000 |
+-----------------+-------------+-----------+-------------+------------+


1.3 Confidence Level
--------------------

+-----------------------------+------------+------------------------------------------------+------------------------------------------------------------------------------------------------------------+
| User Input Data             | Confidence | Details                                        | Action                                                                                                     |
+-----------------------------+------------+------------------------------------------------+------------------------------------------------------------------------------------------------------------+
| Design implementation state | High       | Design is routed                               |                                                                                                            |
| Clock nodes activity        | High       | User specified more than 95% of clocks         |                                                                                                            |
| I/O nodes activity          | High       | User specified more than 95% of inputs         |                                                                                                            |
| Internal nodes activity     | Medium     | User specified less than 25% of internal nodes | Provide missing internal nodes activity with simulation results or by editing the "By Resource Type" views |
| Device models               | High       | Device models are Production                   |                                                                                                            |
|                             |            |                                                |                                                                                                            |
| Overall confidence level    | Medium     |                                                |                                                                                                            |
+-----------------------------+------------+------------------------------------------------+------------------------------------------------------------------------------------------------------------+


2. Settings
-----------

2.1 Environment
---------------

+-----------------------+--------------------------+
| Ambient Temp (C)      | 25.0                     |
| ThetaJA (C/W)         | 1.0                      |
| Airflow (LFM)         | 250                      |
| Heat Sink             | medium (Medium Profile)  |
| ThetaSA (C/W)         | 1.5                      |
| Board Selection       | medium (10"x10")         |
| # of Board Layers     | 12to15 (12 to 15 Layers) |
| Board Temperature (C) | 25.0                     |
+-----------------------+--------------------------+


2.2 Clock Constraints
---------------------

+----------+---------------------------------------------------+-----------------+
| Clock    | Domain                                            | Constraint (ns) |
+----------+---------------------------------------------------+-----------------+
| clk_pl_0 | bse_i/zynq_ultra_ps_e_0/inst/pl_clk_unbuffered[0] |            10.0 |
+----------+---------------------------------------------------+-----------------+


3. Detailed Reports
-------------------

3.1 By Hierarchy
----------------

+----------------------------+-----------+
| Name                       | Power (W) |
+----------------------------+-----------+
| bse_wrapper                |     2.886 |
|   bse_i                    |     2.886 |
|     axi_dma_0              |     0.006 |
|       U0                   |     0.006 |
|     byte_statistics_engi_0 |     0.149 |
|       inst                 |     0.149 |
|     ps8_0_axi_periph       |     0.008 |
|       s00_couplers         |     0.007 |
|     smartconnect_0         |     0.043 |
|       inst                 |     0.043 |
|     zynq_ultra_ps_e_0      |     2.679 |
|       inst                 |     2.679 |
+----------------------------+-----------+


